Archive member included because of file (symbol)

contiki-z1.a(contiki-z1-plat)
                              obj_z1/contiki-z1-main.o (init_platform)
contiki-z1.a(msp430.o)        obj_z1/contiki-z1-main.o (splhigh_)
contiki-z1.a(leds.o)          obj_z1/contiki-z1-main.o (leds_init)
contiki-z1.a(watchdog.o)      obj_z1/contiki-z1-main.o (watchdog_start)
contiki-z1.a(xmem.o)          obj_z1/contiki-z1-main.o (xmem_init)
contiki-z1.a(spi.o)           contiki-z1.a(xmem.o) (spi_init)
contiki-z1.a(cc2420.o)        obj_z1/contiki-z1-main.o (cc2420_set_pan_addr)
contiki-z1.a(cc2420-arch.o)   contiki-z1.a(cc2420.o) (cc2420_arch_init)
contiki-z1.a(node-id.o)       obj_z1/contiki-z1-main.o (node_id_restore)
contiki-z1.a(sensors.o)       contiki-z1.a(contiki-z1-plat) (sensors_process)
contiki-z1.a(button-sensor.o)
                              obj_z1/contiki-z1-main.o (button_sensor)
contiki-z1.a(uart0.o)         obj_z1/contiki-z1-main.o (uart0_active)
contiki-z1.a(uart0-putchar.o)
                              obj_z1/contiki-z1-main.o (putchar)
contiki-z1.a(adxl345.o)       obj_z1/contiki-z1-main.o (accm_init)
contiki-z1.a(clock.o)         obj_z1/contiki-z1-main.o (clock_init)
contiki-z1.a(leds-arch.o)     contiki-z1.a(leds.o) (leds_arch_init)
contiki-z1.a(rtimer-arch.o)   obj_z1/contiki-z1-main.o (rtimer_arch_now)
contiki-z1.a(autostart.o)     obj_z1/contiki-z1-main.o (autostart_start)
contiki-z1.a(ctimer.o)        obj_z1/contiki-z1-main.o (ctimer_init)
contiki-z1.a(energest.o)      obj_z1/contiki-z1-main.o (energest_init)
contiki-z1.a(etimer.o)        contiki-z1.a(clock.o) (etimer_request_poll)
contiki-z1.a(process.o)       contiki-z1.a(ctimer.o) (process_current)
contiki-z1.a(rtimer.o)        obj_z1/contiki-z1-main.o (rtimer_init)
contiki-z1.a(timer.o)         client.co (timer_set)
contiki-z1.a(serial-line.o)   obj_z1/contiki-z1-main.o (serial_line_input_byte)
contiki-z1.a(list.o)          contiki-z1.a(ctimer.o) (list_init)
contiki-z1.a(random.o)        client.co (random_rand)
contiki-z1.a(ringbuf.o)       contiki-z1.a(serial-line.o) (ringbuf_init)
contiki-z1.a(broadcast.o)     client.co (broadcast_open)
contiki-z1.a(channel.o)       contiki-z1.a(broadcast.o) (channel_set_attributes)
contiki-z1.a(rime.o)          obj_z1/contiki-z1-main.o (rime_driver)
contiki-z1.a(runicast.o)      client.co (runicast_open)
contiki-z1.a(stunicast.o)     contiki-z1.a(runicast.o) (stunicast_open)
contiki-z1.a(unicast.o)       contiki-z1.a(stunicast.o) (unicast_open)
contiki-z1.a(linkaddr.o)      obj_z1/contiki-z1-main.o (linkaddr_copy)
contiki-z1.a(packetbuf.o)     contiki-z1.a(rime.o) (packetbuf_compact)
contiki-z1.a(queuebuf.o)      contiki-z1.a(rime.o) (queuebuf_init)
contiki-z1.a(csma.o)          obj_z1/contiki-z1-main.o (csma_driver)
contiki-z1.a(mac.o)           contiki-z1.a(csma.o) (mac_call_sent_callback)
contiki-z1.a(contikimac.o)    obj_z1/contiki-z1-main.o (contikimac_driver)
contiki-z1.a(contikimac-fram)
                              contiki-z1.a(contikimac.o) (contikimac_framer)
contiki-z1.a(nullsec.o)       contiki-z1.a(rime.o) (nullsec_driver)
contiki-z1.a(i2cmaster.o)     contiki-z1.a(adxl345.o) (i2c_receiveinit)
contiki-z1.a(compower.o)      contiki-z1.a(contikimac.o) (compower_idle_activity)
contiki-z1.a(memb.o)          contiki-z1.a(queuebuf.o) (memb_init)
contiki-z1.a(abc.o)           contiki-z1.a(broadcast.o) (abc_open)
contiki-z1.a(announcement.o)  contiki-z1.a(rime.o) (announcement_init)
contiki-z1.a(broadcast-annou)
                              contiki-z1.a(rime.o) (broadcast_announcement_init)
contiki-z1.a(chameleon.o)     contiki-z1.a(rime.o) (chameleon_init)
contiki-z1.a(framer-802154.o)
                              contiki-z1.a(contikimac-fram) (framer_802154)
contiki-z1.a(framer.o)        contiki-z1.a(framer-802154.o) (framer_canonical_create_and_secure)
contiki-z1.a(mac-sequence.o)  contiki-z1.a(contikimac.o) (mac_sequence_is_duplicate)
contiki-z1.a(chameleon-bitop)
                              contiki-z1.a(chameleon.o) (chameleon_bitopt)
contiki-z1.a(frame802154.o)   contiki-z1.a(framer-802154.o) (frame802154_hdrlen)
/usr/local/msp430/bin/../lib/gcc/msp430/4.7.0/mcpu-430x/mmpy-16/msr20/mc20/libgcc.a(_mulsi3.o)
                              contiki-z1.a(csma.o) (__mulsi3)
/usr/local/msp430/bin/../lib/gcc/msp430/4.7.0/mcpu-430x/mmpy-16/msr20/mc20/libgcc.a(_udivmod16.o)
                              client.co (__umodhi3)
/usr/local/msp430/bin/../lib/gcc/msp430/4.7.0/mcpu-430x/mmpy-16/msr20/mc20/libgcc.a(_udivmod32.o)
                              obj_z1/contiki-z1-main.o (__udivsi3)
/usr/local/msp430/bin/../lib/gcc/msp430/4.7.0/../../../../msp430/lib/mcpu-430x/mmpy-16/msr20/mc20/libc.a(malloc.o)
                              client.co (malloc)
/usr/local/msp430/bin/../lib/gcc/msp430/4.7.0/../../../../msp430/lib/mcpu-430x/mmpy-16/msr20/mc20/libc.a(printf.o)
                              client.co (printf)
[...]
Memory Configuration

Name             Origin             Length             Attributes
sfr              0x00000000         0x00000010
peripheral_8bit  0x00000010         0x000000f0
peripheral_16bit 0x00000100         0x00000100
ram_mirror       0x00000200         0x00000800         xw
infomem          0x00001000         0x00000100
infod            0x00001000         0x00000040
infoc            0x00001040         0x00000040
infob            0x00001080         0x00000040
infoa            0x000010c0         0x00000040
ram              0x00001100         0x00002000         xw
rom              0x00003100         0x0000cebe         xr
vectors          0x0000ffc0         0x00000040
far_rom          0x00010000         0x0000a000
bsl              0x00000000         0x00000000
ram2             0x00000000         0x00000000         xw
usbram           0x00000000         0x00000000         xw
*default*        0x00000000         0xffffffff

Linker script and memory map

LOAD /usr/local/msp430/bin/../lib/gcc/msp430/4.7.0/mcpu-430x/mmpy-16/msr20/mc20/crt0ivtbl32.o
                0x00000041                __P1SEL2 = 0x41
                0x00000045                __P5SEL2 = 0x45
LOAD client.co
LOAD obj_z1/contiki-z1-main.o
LOAD contiki-z1.a
LOAD /usr/local/msp430/bin/../lib/gcc/msp430/4.7.0/mcpu-430x/mmpy-16/msr20/mc20/libgcc.a
LOAD /usr/local/msp430/bin/../lib/gcc/msp430/4.7.0/../../../../msp430/lib/mcpu-430x/mmpy-16/msr20/mc20/libc.a
LOAD /usr/local/msp430/bin/../lib/gcc/msp430/4.7.0/mcpu-430x/mmpy-16/msr20/mc20/libgcc.a
LOAD /usr/local/msp430/bin/../lib/gcc/msp430/4.7.0/mcpu-430x/mmpy-16/msr20/mc20/libcrt0.a
                0x00000040                PROVIDE (__info_segment_size, 0x40)
                0x00001000                PROVIDE (__infod, 0x1000)
                0x00001040                PROVIDE (__infoc, 0x1040)
                0x00001080                PROVIDE (__infob, 0x1080)
                0x000010c0                PROVIDE (__infoa, 0x10c0)
                0x00000000                __IE1 = 0x0
                0x00000002                __IFG1 = 0x2
                0x00000001                __IE2 = 0x1
                0x00000003                __IFG2 = 0x3
                0x00000006                __UC1IE = 0x6
                0x00000007                __UC1IFG = 0x7
                0x000001a0                __ADC12CTL0 = 0x1a0
                0x000001a2                __ADC12CTL1 = 0x1a2
                0x000001a4                __ADC12IFG = 0x1a4
                0x000001a6                __ADC12IE = 0x1a6
                0x000001a8                __ADC12IV = 0x1a8
                0x00000140                __ADC12MEM0 = 0x140
                0x00000142                __ADC12MEM1 = 0x142
                0x00000144                __ADC12MEM2 = 0x144
                0x00000146                __ADC12MEM3 = 0x146
                0x00000148                __ADC12MEM4 = 0x148
                0x0000014a                __ADC12MEM5 = 0x14a
                0x0000014c                __ADC12MEM6 = 0x14c
                0x0000014e                __ADC12MEM7 = 0x14e
                0x00000150                __ADC12MEM8 = 0x150
                0x00000152                __ADC12MEM9 = 0x152
                0x00000154                __ADC12MEM10 = 0x154
                0x00000156                __ADC12MEM11 = 0x156
                0x00000158                __ADC12MEM12 = 0x158
                0x0000015a                __ADC12MEM13 = 0x15a
                0x0000015c                __ADC12MEM14 = 0x15c
                0x0000015e                __ADC12MEM15 = 0x15e
                0x00000080                __ADC12MCTL0 = 0x80
                0x00000081                __ADC12MCTL1 = 0x81
                0x00000082                __ADC12MCTL2 = 0x82
                0x00000083                __ADC12MCTL3 = 0x83
                0x00000084                __ADC12MCTL4 = 0x84
                0x00000085                __ADC12MCTL5 = 0x85
                0x00000086                __ADC12MCTL6 = 0x86
                0x00000087                __ADC12MCTL7 = 0x87
                0x00000088                __ADC12MCTL8 = 0x88
                0x00000089                __ADC12MCTL9 = 0x89
                0x0000008a                __ADC12MCTL10 = 0x8a
                0x0000008b                __ADC12MCTL11 = 0x8b
                0x0000008c                __ADC12MCTL12 = 0x8c
                0x0000008d                __ADC12MCTL13 = 0x8d
                0x0000008e                __ADC12MCTL14 = 0x8e
                0x0000008f                __ADC12MCTL15 = 0x8f
                0x00000056                __DCOCTL = 0x56
                0x00000057                __BCSCTL1 = 0x57
                0x00000058                __BCSCTL2 = 0x58
                0x00000053                __BCSCTL3 = 0x53
                0x00000059                __CACTL1 = 0x59
                0x0000005a                __CACTL2 = 0x5a
                0x0000005b                __CAPD = 0x5b
                0x000001c0                __DAC12_0CTL = 0x1c0
                0x000001c2                __DAC12_1CTL = 0x1c2
                0x000001c8                __DAC12_0DAT = 0x1c8
                0x000001ca                __DAC12_1DAT = 0x1ca
                0x00000122                __DMACTL0 = 0x122
                0x00000124                __DMACTL1 = 0x124
                0x00000126                __DMAIV = 0x126
                0x000001d0                __DMA0CTL = 0x1d0
                0x000001dc                __DMA1CTL = 0x1dc
                0x000001e8                __DMA2CTL = 0x1e8
                0x000001d2                __DMA0SA = 0x1d2
                0x000001d2                __DMA0SAL = 0x1d2
                0x000001d6                __DMA0DA = 0x1d6
                0x000001d6                __DMA0DAL = 0x1d6
                0x000001da                __DMA0SZ = 0x1da
                0x000001de                __DMA1SA = 0x1de
                0x000001de                __DMA1SAL = 0x1de
                0x000001e2                __DMA1DA = 0x1e2
                0x000001e2                __DMA1DAL = 0x1e2
                0x000001e6                __DMA1SZ = 0x1e6
                0x000001ea                __DMA2SA = 0x1ea
                0x000001ea                __DMA2SAL = 0x1ea
                0x000001ee                __DMA2DA = 0x1ee
                0x000001ee                __DMA2DAL = 0x1ee
                0x000001f2                __DMA2SZ = 0x1f2
                0x00000128                __FCTL1 = 0x128
                0x0000012a                __FCTL2 = 0x12a
                0x0000012c                __FCTL3 = 0x12c
                0x000001be                __FCTL4 = 0x1be
                0x00000130                __MPY = 0x130
                0x00000132                __MPYS = 0x132
                0x00000134                __MAC = 0x134
                0x00000136                __MACS = 0x136
                0x00000138                __OP2 = 0x138
                0x0000013a                __RESLO = 0x13a
                0x0000013c                __RESHI = 0x13c
                0x0000013e                __SUMEXT = 0x13e
                0x00000020                __P1IN = 0x20
                0x00000021                __P1OUT = 0x21
                0x00000022                __P1DIR = 0x22
                0x00000023                __P1IFG = 0x23
                0x00000024                __P1IES = 0x24
                0x00000025                __P1IE = 0x25
                0x00000026                __P1SEL = 0x26
                0x00000027                __P1REN = 0x27
                0x00000028                __P2IN = 0x28
                0x00000029                __P2OUT = 0x29
                0x0000002a                __P2DIR = 0x2a
                0x0000002b                __P2IFG = 0x2b
                0x0000002c                __P2IES = 0x2c
                0x0000002d                __P2IE = 0x2d
                0x0000002e                __P2SEL = 0x2e
                0x0000002f                __P2REN = 0x2f
                0x00000018                __P3IN = 0x18
                0x00000019                __P3OUT = 0x19
                0x0000001a                __P3DIR = 0x1a
                0x0000001b                __P3SEL = 0x1b
                0x00000010                __P3REN = 0x10
                0x0000001c                __P4IN = 0x1c
                0x0000001d                __P4OUT = 0x1d
                0x0000001e                __P4DIR = 0x1e
                0x0000001f                __P4SEL = 0x1f
                0x00000011                __P4REN = 0x11
                0x00000030                __P5IN = 0x30
                0x00000031                __P5OUT = 0x31
                0x00000032                __P5DIR = 0x32
                0x00000033                __P5SEL = 0x33
                0x00000012                __P5REN = 0x12
                0x00000034                __P6IN = 0x34
                0x00000035                __P6OUT = 0x35
                0x00000036                __P6DIR = 0x36
                0x00000037                __P6SEL = 0x37
                0x00000013                __P6REN = 0x13
                0x00000038                __P7IN = 0x38
                0x0000003a                __P7OUT = 0x3a
                0x0000003c                __P7DIR = 0x3c
                0x0000003e                __P7SEL = 0x3e
                0x00000014                __P7REN = 0x14
                0x00000039                __P8IN = 0x39
                0x0000003b                __P8OUT = 0x3b
                0x0000003d                __P8DIR = 0x3d
                0x0000003f                __P8SEL = 0x3f
                0x00000015                __P8REN = 0x15
                0x00000038                __PAIN = 0x38
                0x0000003a                __PAOUT = 0x3a
                0x0000003c                __PADIR = 0x3c
                0x0000003e                __PASEL = 0x3e
                0x00000014                __PAREN = 0x14
                0x00000055                __SVSCTL = 0x55
                0x0000012e                __TAIV = 0x12e
                0x00000160                __TACTL = 0x160
                0x00000162                __TACCTL0 = 0x162
                0x00000164                __TACCTL1 = 0x164
                0x00000166                __TACCTL2 = 0x166
                0x00000170                __TAR = 0x170
                0x00000172                __TACCR0 = 0x172
                0x00000174                __TACCR1 = 0x174
                0x00000176                __TACCR2 = 0x176
                0x0000011e                __TBIV = 0x11e
                0x00000180                __TBCTL = 0x180
                0x00000182                __TBCCTL0 = 0x182
                0x00000184                __TBCCTL1 = 0x184
                0x00000186                __TBCCTL2 = 0x186
                0x00000188                __TBCCTL3 = 0x188
                0x0000018a                __TBCCTL4 = 0x18a
                0x0000018c                __TBCCTL5 = 0x18c
                0x0000018e                __TBCCTL6 = 0x18e
                0x00000190                __TBR = 0x190
                0x00000192                __TBCCR0 = 0x192
                0x00000194                __TBCCR1 = 0x194
                0x00000196                __TBCCR2 = 0x196
                0x00000198                __TBCCR3 = 0x198
                0x0000019a                __TBCCR4 = 0x19a
                0x0000019c                __TBCCR5 = 0x19c
                0x0000019e                __TBCCR6 = 0x19e
                0x00000060                __UCA0CTL0 = 0x60
                0x00000061                __UCA0CTL1 = 0x61
                0x00000062                __UCA0BR0 = 0x62
                0x00000063                __UCA0BR1 = 0x63
                0x00000064                __UCA0MCTL = 0x64
                0x00000065                __UCA0STAT = 0x65
                0x00000066                __UCA0RXBUF = 0x66
                0x00000067                __UCA0TXBUF = 0x67
                0x0000005d                __UCA0ABCTL = 0x5d
                0x0000005e                __UCA0IRTCTL = 0x5e
                0x0000005f                __UCA0IRRCTL = 0x5f
                0x00000068                __UCB0CTL0 = 0x68
                0x00000069                __UCB0CTL1 = 0x69
                0x0000006a                __UCB0BR0 = 0x6a
                0x0000006b                __UCB0BR1 = 0x6b
                0x0000006c                __UCB0I2CIE = 0x6c
                0x0000006d                __UCB0STAT = 0x6d
                0x0000006e                __UCB0RXBUF = 0x6e
                0x0000006f                __UCB0TXBUF = 0x6f
                0x00000118                __UCB0I2COA = 0x118
                0x0000011a                __UCB0I2CSA = 0x11a
                0x000000d0                __UCA1CTL0 = 0xd0
                0x000000d1                __UCA1CTL1 = 0xd1
                0x000000d2                __UCA1BR0 = 0xd2
                0x000000d3                __UCA1BR1 = 0xd3
                0x000000d4                __UCA1MCTL = 0xd4
                0x000000d5                __UCA1STAT = 0xd5
                0x000000d6                __UCA1RXBUF = 0xd6
                0x000000d7                __UCA1TXBUF = 0xd7
                0x000000cd                __UCA1ABCTL = 0xcd
                0x000000ce                __UCA1IRTCTL = 0xce
                0x000000cf                __UCA1IRRCTL = 0xcf
                0x000000d8                __UCB1CTL0 = 0xd8
                0x000000d9                __UCB1CTL1 = 0xd9
                0x000000da                __UCB1BR0 = 0xda
                0x000000db                __UCB1BR1 = 0xdb
                0x000000dc                __UCB1I2CIE = 0xdc
                0x000000dd                __UCB1STAT = 0xdd
                0x000000de                __UCB1RXBUF = 0xde
                0x000000df                __UCB1TXBUF = 0xdf
                0x0000017c                __UCB1I2COA = 0x17c
                0x0000017e                __UCB1I2CSA = 0x17e
                0x00000120                __WDTCTL = 0x120
                0x000010c0                __TLV_CHECKSUM = 0x10c0
                0x000010f6                __TLV_DCO_30_TAG = 0x10f6
                0x000010f7                __TLV_DCO_30_LEN = 0x10f7
                0x000010da                __TLV_ADC12_1_TAG = 0x10da
                0x000010db                __TLV_ADC12_1_LEN = 0x10db
                0x000010f8                __CALDCO_16MHZ = 0x10f8
                0x000010f9                __CALBC1_16MHZ = 0x10f9
                0x000010fa                __CALDCO_12MHZ = 0x10fa
                0x000010fb                __CALBC1_12MHZ = 0x10fb
                0x000010fc                __CALDCO_8MHZ = 0x10fc
                0x000010fd                __CALBC1_8MHZ = 0x10fd
                0x000010fe                __CALDCO_1MHZ = 0x10fe
                0x000010ff                __CALBC1_1MHZ = 0x10ff

.hash
 *(.hash)

.dynsym
 *(.dynsym)

.dynstr
 *(.dynstr)

.gnu.version
 *(.gnu.version)

.gnu.version_d
 *(.gnu.version_d)

.gnu.version_r
 *(.gnu.version_r)

.rel.init
 *(.rel.init)

.rela.init
 *(.rela.init)

.rel.fini
 *(.rel.fini)

.rela.fini
 *(.rela.fini)

.rel.text
 *(.rel.text .rel.text.* .rel.gnu.linkonce.t.*)

.rela.text
 *(.rela.text .rela.text.* .rela.gnu.linkonce.t.*)

.rel.rodata
 *(.rel.rodata .rel.rodata.* .rel.gnu.linkonce.r.*)

.rela.rodata
 *(.rela.rodata .rela.rodata.* .rela.gnu.linkonce.r.*)

.rel.data
 *(.rel.data .rel.data.* .rel.gnu.linkonce.d.*)

.rela.data
 *(.rela.data .rela.data.* .rela.gnu.linkonce.d.*)

.rel.bss
 *(.rel.bss .rel.bss.* .rel.gnu.linkonce.b.*)

.rela.bss
 *(.rela.bss .rela.bss.* .rela.gnu.linkonce.b.*)

.rel.ctors
 *(.rel.ctors)

.rela.ctors
 *(.rela.ctors)

.rel.dtors
 *(.rel.dtors)

.rela.dtors
 *(.rela.dtors)

.rel.got
 *(.rel.got)

.rela.got
 *(.rela.got)

.rel.plt
 *(.rel.plt)

.rela.plt
 *(.rela.plt)

.text           0x00003100     0x5028
                0x00003100                . = ALIGN (0x2)
 *(.init .init.*)
 *(.init0)
 .init0         0x00003100        0x0 /usr/local/msp430/bin/../lib/gcc/msp430/4.7.0/mcpu-430x/mmpy-16/msr20/mc20/libcrt0.a(_reset_vector__.o)
                0x00003100                _reset_vector__
 *(.init1)
 .init1         0x00003100        0xc /usr/local/msp430/bin/../lib/gcc/msp430/4.7.0/mcpu-430x/mmpy-16/msr20/mc20/libcrt0.a(__watchdog_support.o)
                0x00003100                __watchdog_support
 *(.init2)
 .init2         0x0000310c        0x4 /usr/local/msp430/bin/../lib/gcc/msp430/4.7.0/mcpu-430x/mmpy-16/msr20/mc20/libcrt0.a(__init_stack.o)
                0x0000310c                __init_stack
 *(.init3)
 .init3         0x00003110        0x0 /usr/local/msp430/bin/../lib/gcc/msp430/4.7.0/mcpu-430x/mmpy-16/msr20/mc20/libcrt0.a(__low_level_init.o)
                0x00003110                __low_level_init
 *(.init4)
 .init4         0x00003110       0x18 /usr/local/msp430/bin/../lib/gcc/msp430/4.7.0/mcpu-430x/mmpy-16/msr20/mc20/libcrt0.a(_copy_data.o)
                0x00003110                __do_copy_data
 .init4         0x00003128       0x16 /usr/local/msp430/bin/../lib/gcc/msp430/4.7.0/mcpu-430x/mmpy-16/msr20/mc20/libcrt0.a(_clear_bss.o)
                0x00003128                __do_clear_bss
 *(.init5)
 *(.init6)
 *(.init7)
 *(.init8)
 *(.init9)
 .init9         0x0000313e      0x2fa obj_z1/contiki-z1-main.o
                0x0000313e                main
 *(.fini9)
 .fini9         0x00003438        0x0 /usr/local/msp430/bin/../lib/gcc/msp430/4.7.0/mcpu-430x/mmpy-16/msr20/mc20/libcrt0.a(__stop_progExec__.o)
                0x00003438                __stop_progExec__
 *(.fini8)
 *(.fini7)
 *(.fini6)
 *(.fini5)
 *(.fini4)
 *(.fini3)
 *(.fini2)
 *(.fini1)
 *(.fini0)
 .fini0         0x00003438        0x6 /usr/local/msp430/bin/../lib/gcc/msp430/4.7.0/mcpu-430x/mmpy-16/msr20/mc20/libcrt0.a(_endless_loop__.o)
                0x00003438                _endless_loop__
 *(.fini .fini.*)
                0x0000343e                . = ALIGN (0x2)
                0x0000343e                __ctors_start = .
 *(.ctors)
                0x0000343e                __ctors_end = .
                0x0000343e                __dtors_start = .
 *(.dtors)
                0x0000343e                __dtors_end = .
                0x0000343e                . = ALIGN (0x2)
 *(.text .text.* .gnu.linkonce.t.*)
 .text          0x0000343e        0x4 /usr/local/msp430/bin/../lib/gcc/msp430/4.7.0/mcpu-430x/mmpy-16/msr20/mc20/crt0ivtbl32.o
                0x0000343e                __isr_14
                0x0000343e                __isr_4
                0x0000343e                __isr_29
                0x0000343e                __isr_11
                0x0000343e                __isr_5
                0x0000343e                __isr_2
                0x0000343e                __isr_10
                0x0000343e                __isr_7
                0x0000343e                __isr_0
                0x0000343e                __isr_28
                0x0000343e                __isr_8
                0x0000343e                __isr_20
                0x0000343e                __isr_3
                0x0000343e                __isr_12
                0x0000343e                __isr_13
                0x0000343e                __isr_27
                0x0000343e                __isr_9
                0x0000343e                __isr_30
                0x0000343e                __isr_6
                0x0000343e                __isr_22
                0x0000343e                __isr_1
                0x0000343e                __isr_15
                0x0000343e                __isr_21
 .text.libgcc   0x00003442       0x26 /usr/local/msp430/bin/../lib/gcc/msp430/4.7.0/mcpu-430x/mmpy-16/msr20/mc20/libgcc.a(_mulsi3.o)
                0x00003442                __mulsi3
 .text.libgcc   0x00003468       0x22 /usr/local/msp430/bin/../lib/gcc/msp430/4.7.0/mcpu-430x/mmpy-16/msr20/mc20/libgcc.a(_udivmod16.o)
                0x00003468                __udivhi3
                0x00003468                __ext_udivmod16
                0x00003482                __umodhi3
 .text.libgcc   0x0000348a       0x38 /usr/local/msp430/bin/../lib/gcc/msp430/4.7.0/mcpu-430x/mmpy-16/msr20/mc20/libgcc.a(_udivmod32.o)
                0x0000348a                __udivsi3
                0x0000348a                __ext_udivmod32
                0x000034b8                __umodsi3
 .text.malloc   0x000034c2       0xbe /usr/local/msp430/bin/../lib/gcc/msp430/4.7.0/../../../../msp430/lib/mcpu-430x/mmpy-16/msr20/mc20/libc.a(malloc.o)
                0x000034c2                malloc
 .text.printf   0x00003580       0x10 /usr/local/msp430/bin/../lib/gcc/msp430/4.7.0/../../../../msp430/lib/mcpu-430x/mmpy-16/msr20/mc20/libc.a(printf.o)
                0x00003580                printf
 .text.print_field
                0x00003590      0x176 /usr/local/msp430/bin/../lib/gcc/msp430/4.7.0/../../../../msp430/lib/mcpu-430x/mmpy-16/msr20/mc20/libc.a(vuprintf.o)
 .text.vuprintf
                0x00003706      0x74c /usr/local/msp430/bin/../lib/gcc/msp430/4.7.0/../../../../msp430/lib/mcpu-430x/mmpy-16/msr20/mc20/libc.a(vuprintf.o)
                0x00003706                vuprintf
 .text.puts     0x00003e52       0x2c /usr/local/msp430/bin/../lib/gcc/msp430/4.7.0/../../../../msp430/lib/mcpu-430x/mmpy-16/msr20/mc20/libc.a(puts.o)
                0x00003e52                puts
 .text.rand     0x00003e7e       0x26 /usr/local/msp430/bin/../lib/gcc/msp430/4.7.0/../../../../msp430/lib/mcpu-430x/mmpy-16/msr20/mc20/libc.a(rand.o)
                0x00003e7e                rand
 .text.memcmp   0x00003ea4       0x2c /usr/local/msp430/bin/../lib/gcc/msp430/4.7.0/../../../../msp430/lib/mcpu-430x/mmpy-16/msr20/mc20/libc.a(memcmp.o)
                0x00003ea4                memcmp
 .text.memcpy   0x00003ed0       0xe8 /usr/local/msp430/bin/../lib/gcc/msp430/4.7.0/../../../../msp430/lib/mcpu-430x/mmpy-16/msr20/mc20/libc.a(memcpy.o)
                0x00003ed0                memcpy
 .text.memset   0x00003fb8       0x5c /usr/local/msp430/bin/../lib/gcc/msp430/4.7.0/../../../../msp430/lib/mcpu-430x/mmpy-16/msr20/mc20/libc.a(memset.o)
                0x00003fb8                memset
 .text.libgcc   0x00004014       0xbc /usr/local/msp430/bin/../lib/gcc/msp430/4.7.0/mcpu-430x/mmpy-16/msr20/mc20/libgcc.a(_udivmod64.o)
                0x00004014                __xabi_udivmod64
                0x00004066                __udivdi3
                0x00004080                __umoddi3
                0x000040a2                __udivmoddi4
 .text.crt0     0x000040d0        0x2 /usr/local/msp430/bin/../lib/gcc/msp430/4.7.0/mcpu-430x/mmpy-16/msr20/mc20/libcrt0.a(_unexpected_.o)
                0x000040d0                _unexpected_
 *(.near.text .near.text.*)
 .near.text.watchdog_interrupt
                0x000040d2        0x6 contiki-z1.a(watchdog.o)
                0x000040d2                __isr_26
                0x000040d2                watchdog_interrupt
 .near.text.irq_p2
                0x000040d8       0x76 contiki-z1.a(button-sensor.o)
                0x000040d8                irq_p2
                0x000040d8                __isr_19
 .near.text.uart0_rx_interrupt
                0x0000414e       0x64 contiki-z1.a(uart0.o)
                0x0000414e                __isr_23
                0x0000414e                uart0_rx_interrupt
 .near.text.port1_isr
                0x000041b2       0xbe contiki-z1.a(adxl345.o)
                0x000041b2                port1_isr
                0x000041b2                __isr_18
 .near.text.timera1
                0x00004270      0x10a contiki-z1.a(clock.o)
                0x00004270                __isr_24
                0x00004270                timera1
 .near.text.timera0
                0x0000437a       0x5c contiki-z1.a(rtimer-arch.o)
                0x0000437a                __isr_25
                0x0000437a                timera0
 .near.text.i2c_tx_interrupt
                0x000043d6       0x84 contiki-z1.a(i2cmaster.o)
                0x000043d6                __isr_16
                0x000043d6                i2c_tx_interrupt
 .near.text.i2c_rx_interrupt
                0x0000445a       0x14 contiki-z1.a(i2cmaster.o)
                0x0000445a                i2c_rx_interrupt
                0x0000445a                __isr_17
 .any.text.process_thread_runicast_process
                0x0000446e       0xd0 client.co
 .any.text.process_thread_broadcast_process
                0x0000453e       0xe4 client.co
 .any.text.broadcast_recv
                0x00004622       0xaa client.co
 .any.text.runicast_recv
                0x000046cc       0x3a client.co
 .any.text.init_platform
                0x00004706        0xc contiki-z1.a(contiki-z1-plat)
                0x00004706                init_platform
 .any.text.msp430_init_dco
                0x00004712       0x28 contiki-z1.a(msp430.o)
                0x00004712                msp430_init_dco
 .any.text.splhigh_
                0x0000473a        0x8 contiki-z1.a(msp430.o)
                0x0000473a                splhigh_
 .any.text.msp430_sync_dco
                0x00004742       0x6e contiki-z1.a(msp430.o)
                0x00004742                msp430_sync_dco
 .any.text.msp430_cpu_init
                0x000047b0       0x2a contiki-z1.a(msp430.o)
                0x000047b0                msp430_cpu_init
 .any.text.show_leds
                0x000047da       0xe8 contiki-z1.a(leds.o)
 .any.text.leds_init
                0x000048c2        0xa contiki-z1.a(leds.o)
                0x000048c2                leds_init
 .any.text.leds_on
                0x000048cc        0xa contiki-z1.a(leds.o)
                0x000048cc                leds_on
 .any.text.leds_off
                0x000048d6        0xe contiki-z1.a(leds.o)
                0x000048d6                leds_off
 .any.text.watchdog_start
                0x000048e4       0x14 contiki-z1.a(watchdog.o)
                0x000048e4                watchdog_start
 .any.text.watchdog_periodic
                0x000048f8       0x12 contiki-z1.a(watchdog.o)
                0x000048f8                watchdog_periodic
 .any.text.watchdog_stop
                0x0000490a       0x16 contiki-z1.a(watchdog.o)
                0x0000490a                watchdog_stop
 .any.text.watchdog_init
                0x00004920       0x12 contiki-z1.a(watchdog.o)
                0x00004920                watchdog_init
 .any.text.wait_ready
                0x00004932       0x46 contiki-z1.a(xmem.o)
 .any.text.xmem_init
                0x00004978       0x1e contiki-z1.a(xmem.o)
                0x00004978                xmem_init
 .any.text.xmem_pread
                0x00004996       0xc2 contiki-z1.a(xmem.o)
                0x00004996                xmem_pread
 .any.text.spi_init
                0x00004a58       0x32 contiki-z1.a(spi.o)
                0x00004a58                spi_init
 .any.text.get_object
                0x00004a8a        0x4 contiki-z1.a(cc2420.o)
 .any.text.set_object
                0x00004a8e        0x4 contiki-z1.a(cc2420.o)
 .any.text.strobe
                0x00004a92       0x1a contiki-z1.a(cc2420.o)
 .any.text.getreg
                0x00004aac       0x46 contiki-z1.a(cc2420.o)
 .any.text.setreg
                0x00004af2       0x44 contiki-z1.a(cc2420.o)
 .any.text.write_ram
                0x00004b36       0x72 contiki-z1.a(cc2420.o)
 .any.text.write_fifo_buf
                0x00004ba8       0x38 contiki-z1.a(cc2420.o)
 .any.text.get_status
                0x00004be0       0x1e contiki-z1.a(cc2420.o)
 .any.text.set_txpower
                0x00004bfe       0x24 contiki-z1.a(cc2420.o)
 .any.text.cc2420_receiving_packet
                0x00004c22        0xa contiki-z1.a(cc2420.o)
 .any.text.pending_packet
                0x00004c2c        0xa contiki-z1.a(cc2420.o)
 .any.text.on   0x00004c36       0x1e contiki-z1.a(cc2420.o)
 .any.text.wait_for_transmission
                0x00004c54       0x22 contiki-z1.a(cc2420.o)
 .any.text.wait_for_status
                0x00004c76       0x24 contiki-z1.a(cc2420.o)
 .any.text.getrxdata
                0x00004c9a       0x4c contiki-z1.a(cc2420.o)
 .any.text.flushrx
                0x00004ce6       0x1a contiki-z1.a(cc2420.o)
 .any.text.off  0x00004d00       0x52 contiki-z1.a(cc2420.o)
 .any.text.RELEASE_LOCK
                0x00004d52       0x28 contiki-z1.a(cc2420.o)
 .any.text.cc2420_prepare
                0x00004d7a       0x38 contiki-z1.a(cc2420.o)
 .any.text.cc2420_on
                0x00004db2       0x22 contiki-z1.a(cc2420.o)
                0x00004db2                cc2420_on
 .any.text.cc2420_off
                0x00004dd4       0x30 contiki-z1.a(cc2420.o)
                0x00004dd4                cc2420_off
 .any.text.cc2420_cca
                0x00004e04       0x54 contiki-z1.a(cc2420.o)
 .any.text.cc2420_read
                0x00004e58       0xa8 contiki-z1.a(cc2420.o)
 .any.text.process_thread_cc2420_process
                0x00004f00       0x54 contiki-z1.a(cc2420.o)
 .any.text.cc2420_set_channel
                0x00004f54       0x3a contiki-z1.a(cc2420.o)
                0x00004f54                cc2420_set_channel
 .any.text.cc2420_set_pan_addr
                0x00004f8e       0x4c contiki-z1.a(cc2420.o)
                0x00004f8e                cc2420_set_pan_addr
 .any.text.cc2420_interrupt
                0x00004fda       0x16 contiki-z1.a(cc2420.o)
                0x00004fda                cc2420_interrupt
 .any.text.cc2420_set_txpower
                0x00004ff0        0xe contiki-z1.a(cc2420.o)
                0x00004ff0                cc2420_set_txpower
 .any.text.cc2420_get_txpower
                0x00004ffe       0x1e contiki-z1.a(cc2420.o)
                0x00004ffe                cc2420_get_txpower
 .any.text.cc2420_transmit
                0x0000501c      0x124 contiki-z1.a(cc2420.o)
 .any.text.cc2420_send
                0x00005140       0x12 contiki-z1.a(cc2420.o)
 .any.text.cc2420_rssi
                0x00005152       0x48 contiki-z1.a(cc2420.o)
                0x00005152                cc2420_rssi
 .any.text.get_value
                0x0000519a       0xa8 contiki-z1.a(cc2420.o)
 .any.text.cc2420_set_cca_threshold
                0x00005242       0x16 contiki-z1.a(cc2420.o)
                0x00005242                cc2420_set_cca_threshold
 .any.text.set_value
                0x00005258       0x80 contiki-z1.a(cc2420.o)
 .any.text.cc2420_init
                0x000052d8       0xd8 contiki-z1.a(cc2420.o)
                0x000052d8                cc2420_init
 .any.text.cc2420_arch_init
                0x000053b0       0x1a contiki-z1.a(cc2420-arch.o)
                0x000053b0                cc2420_arch_init
 .any.text.node_id_restore
                0x000053ca       0x4c contiki-z1.a(node-id.o)
                0x000053ca                node_id_restore
 .any.text.process_thread_sensors_process
                0x00005416       0xc2 contiki-z1.a(sensors.o)
 .any.text.sensors_changed
                0x000054d8       0x2a contiki-z1.a(sensors.o)
                0x000054d8                sensors_changed
 .any.text.status
                0x00005502       0x18 contiki-z1.a(button-sensor.o)
 .any.text.value
                0x0000551a       0x20 contiki-z1.a(button-sensor.o)
 .any.text.configure
                0x0000553a       0x4e contiki-z1.a(button-sensor.o)
 .any.text.uart0_active
                0x00005588        0xe contiki-z1.a(uart0.o)
                0x00005588                uart0_active
 .any.text.uart0_set_input
                0x00005596        0x6 contiki-z1.a(uart0.o)
                0x00005596                uart0_set_input
 .any.text.uart0_writeb
                0x0000559c       0x16 contiki-z1.a(uart0.o)
                0x0000559c                uart0_writeb
 .any.text.uart0_init
                0x000055b2       0x40 contiki-z1.a(uart0.o)
                0x000055b2                uart0_init
 .any.text.putchar
                0x000055f2       0x10 contiki-z1.a(uart0-putchar.o)
                0x000055f2                putchar
 .any.text.accm_write_reg
                0x00005602       0x2e contiki-z1.a(adxl345.o)
                0x00005602                accm_write_reg
 .any.text.accm_write_stream
                0x00005630       0x2a contiki-z1.a(adxl345.o)
                0x00005630                accm_write_stream
 .any.text.accm_read_reg
                0x0000565a       0x54 contiki-z1.a(adxl345.o)
                0x0000565a                accm_read_reg
 .any.text.process_thread_accmeter_process
                0x000056ae       0x56 contiki-z1.a(adxl345.o)
 .any.text.accm_init
                0x00005704       0x8c contiki-z1.a(adxl345.o)
                0x00005704                accm_init
 .any.text.clock_time
                0x00005790       0x1a contiki-z1.a(clock.o)
                0x00005790                clock_time
 .any.text.clock_init
                0x000057aa       0x28 contiki-z1.a(clock.o)
                0x000057aa                clock_init
 .any.text.clock_delay
                0x000057d2        0xc contiki-z1.a(clock.o)
                0x000057d2                clock_delay
 .any.text.clock_wait
                0x000057de       0x24 contiki-z1.a(clock.o)
                0x000057de                clock_wait
 .any.text.leds_arch_init
                0x00005802        0xe contiki-z1.a(leds-arch.o)
                0x00005802                leds_arch_init
 .any.text.leds_arch_set
                0x00005810       0x38 contiki-z1.a(leds-arch.o)
                0x00005810                leds_arch_set
 .any.text.rtimer_arch_init
                0x00005848        0xe contiki-z1.a(rtimer-arch.o)
                0x00005848                rtimer_arch_init
 .any.text.rtimer_arch_now
                0x00005856        0xe contiki-z1.a(rtimer-arch.o)
                0x00005856                rtimer_arch_now
 .any.text.rtimer_arch_schedule
                0x00005864        0x6 contiki-z1.a(rtimer-arch.o)
                0x00005864                rtimer_arch_schedule
 .any.text.autostart_start
                0x0000586a       0x16 contiki-z1.a(autostart.o)
                0x0000586a                autostart_start
 .any.text.process_thread_ctimer_process
                0x00005880       0xa0 contiki-z1.a(ctimer.o)
 .any.text.ctimer_init
                0x00005920       0x18 contiki-z1.a(ctimer.o)
                0x00005920                ctimer_init
 .any.text.ctimer_set
                0x00005938       0x48 contiki-z1.a(ctimer.o)
                0x00005938                ctimer_set
 .any.text.ctimer_stop
                0x00005980       0x28 contiki-z1.a(ctimer.o)
                0x00005980                ctimer_stop
 .any.text.energest_init
                0x000059a8       0x24 contiki-z1.a(energest.o)
                0x000059a8                energest_init
 .any.text.energest_type_time
                0x000059cc       0x3c contiki-z1.a(energest.o)
                0x000059cc                energest_type_time
 .any.text.energest_type_set
                0x00005a08        0xc contiki-z1.a(energest.o)
                0x00005a08                energest_type_set
 .any.text.energest_flush
                0x00005a14       0x38 contiki-z1.a(energest.o)
                0x00005a14                energest_flush
 .any.text.update_time
                0x00005a4c       0x70 contiki-z1.a(etimer.o)
 .any.text.etimer_request_poll
                0x00005abc        0xa contiki-z1.a(etimer.o)
                0x00005abc                etimer_request_poll
 .any.text.process_thread_etimer_process
                0x00005ac6       0xc4 contiki-z1.a(etimer.o)
 .any.text.add_timer
                0x00005b8a       0x40 contiki-z1.a(etimer.o)
 .any.text.etimer_set
                0x00005bca       0x12 contiki-z1.a(etimer.o)
                0x00005bca                etimer_set
 .any.text.etimer_expired
                0x00005bdc        0xe contiki-z1.a(etimer.o)
                0x00005bdc                etimer_expired
 .any.text.etimer_pending
                0x00005bea        0xc contiki-z1.a(etimer.o)
                0x00005bea                etimer_pending
 .any.text.etimer_next_expiration_time
                0x00005bf6       0x16 contiki-z1.a(etimer.o)
                0x00005bf6                etimer_next_expiration_time
 .any.text.etimer_stop
                0x00005c0c       0x3e contiki-z1.a(etimer.o)
                0x00005c0c                etimer_stop
 .any.text.call_process
                0x00005c4a       0x40 contiki-z1.a(process.o)
 .any.text.exit_process
                0x00005c8a       0x88 contiki-z1.a(process.o)
 .any.text.do_poll
                0x00005d12       0x30 contiki-z1.a(process.o)
 .any.text.process_alloc_event
                0x00005d42        0xe contiki-z1.a(process.o)
                0x00005d42                process_alloc_event
 .any.text.process_init
                0x00005d50       0x1c contiki-z1.a(process.o)
                0x00005d50                process_init
 .any.text.process_run
                0x00005d6c       0xa4 contiki-z1.a(process.o)
                0x00005d6c                process_run
 .any.text.process_nevents
                0x00005e10        0xe contiki-z1.a(process.o)
                0x00005e10                process_nevents
 .any.text.process_post
                0x00005e1e       0x50 contiki-z1.a(process.o)
                0x00005e1e                process_post
 .any.text.process_post_synch
                0x00005e6e       0x12 contiki-z1.a(process.o)
                0x00005e6e                process_post_synch
 .any.text.process_start
                0x00005e80       0x36 contiki-z1.a(process.o)
                0x00005e80                process_start
 .any.text.process_poll
                0x00005eb6       0x18 contiki-z1.a(process.o)
                0x00005eb6                process_poll
 .any.text.rtimer_init
                0x00005ece        0x6 contiki-z1.a(rtimer.o)
                0x00005ece                rtimer_init
 .any.text.rtimer_set
                0x00005ed4       0x24 contiki-z1.a(rtimer.o)
                0x00005ed4                rtimer_set
 .any.text.rtimer_run_next
                0x00005ef8       0x26 contiki-z1.a(rtimer.o)
                0x00005ef8                rtimer_run_next
 .any.text.timer_set
                0x00005f1e       0x1c contiki-z1.a(timer.o)
                0x00005f1e                timer_set
 .any.text.timer_restart
                0x00005f3a       0x14 contiki-z1.a(timer.o)
                0x00005f3a                timer_restart
 .any.text.timer_expired
                0x00005f4e       0x2a contiki-z1.a(timer.o)
                0x00005f4e                timer_expired
 .any.text.process_thread_serial_line_process
                0x00005f78       0x9e contiki-z1.a(serial-line.o)
 .any.text.serial_line_input_byte
                0x00006016       0x4a contiki-z1.a(serial-line.o)
                0x00006016                serial_line_input_byte
 .any.text.serial_line_init
                0x00006060       0x1c contiki-z1.a(serial-line.o)
                0x00006060                serial_line_init
 .any.text.list_init
                0x0000607c        0x6 contiki-z1.a(list.o)
                0x0000607c                list_init
 .any.text.list_head
                0x00006082        0x4 contiki-z1.a(list.o)
                0x00006082                list_head
 .any.text.list_tail
                0x00006086       0x12 contiki-z1.a(list.o)
                0x00006086                list_tail
 .any.text.list_remove
                0x00006098       0x34 contiki-z1.a(list.o)
                0x00006098                list_remove
 .any.text.list_push
                0x000060cc       0x16 contiki-z1.a(list.o)
                0x000060cc                list_push
 .any.text.list_add
                0x000060e2       0x26 contiki-z1.a(list.o)
                0x000060e2                list_add
 .any.text.list_length
                0x00006108       0x10 contiki-z1.a(list.o)
                0x00006108                list_length
 .any.text.list_item_next
                0x00006118        0xc contiki-z1.a(list.o)
                0x00006118                list_item_next
 .any.text.random_rand
                0x00006124        0x6 contiki-z1.a(random.o)
                0x00006124                random_rand
 .any.text.ringbuf_init
                0x0000612a       0x14 contiki-z1.a(ringbuf.o)
                0x0000612a                ringbuf_init
 .any.text.ringbuf_put
                0x0000613e       0x38 contiki-z1.a(ringbuf.o)
                0x0000613e                ringbuf_put
 .any.text.ringbuf_get
                0x00006176       0x2e contiki-z1.a(ringbuf.o)
                0x00006176                ringbuf_get
 .any.text.sent_by_abc
                0x000061a4       0x10 contiki-z1.a(broadcast.o)
 .any.text.recv_from_abc
                0x000061b4       0x26 contiki-z1.a(broadcast.o)
 .any.text.broadcast_open
                0x000061da       0x22 contiki-z1.a(broadcast.o)
                0x000061da                broadcast_open
 .any.text.broadcast_close
                0x000061fc        0x6 contiki-z1.a(broadcast.o)
                0x000061fc                broadcast_close
 .any.text.broadcast_send
                0x00006202       0x1a contiki-z1.a(broadcast.o)
                0x00006202                broadcast_send
 .any.text.channel_init
                0x0000621c        0xa contiki-z1.a(channel.o)
                0x0000621c                channel_init
 .any.text.channel_open
                0x00006226       0x10 contiki-z1.a(channel.o)
                0x00006226                channel_open
 .any.text.channel_close
                0x00006236        0xc contiki-z1.a(channel.o)
                0x00006236                channel_close
 .any.text.channel_lookup
                0x00006242       0x20 contiki-z1.a(channel.o)
                0x00006242                channel_lookup
 .any.text.channel_set_attributes
                0x00006262       0x20 contiki-z1.a(channel.o)
                0x00006262                channel_set_attributes
 .any.text.input
                0x00006282       0x36 contiki-z1.a(rime.o)
 .any.text.init
                0x000062b8       0x2e contiki-z1.a(rime.o)
 .any.text.packet_sent
                0x000062e6       0x38 contiki-z1.a(rime.o)
 .any.text.rime_output
                0x0000631e       0x24 contiki-z1.a(rime.o)
                0x0000631e                rime_output
 .any.text.sent_by_stunicast
                0x00006342       0x56 contiki-z1.a(runicast.o)
 .any.text.recv_from_stunicast
                0x00006398       0x92 contiki-z1.a(runicast.o)
 .any.text.runicast_open
                0x0000642a       0x2e contiki-z1.a(runicast.o)
                0x0000642a                runicast_open
 .any.text.runicast_close
                0x00006458        0x6 contiki-z1.a(runicast.o)
                0x00006458                runicast_close
 .any.text.runicast_is_transmitting
                0x0000645e        0x6 contiki-z1.a(runicast.o)
                0x0000645e                runicast_is_transmitting
 .any.text.runicast_send
                0x00006464       0x48 contiki-z1.a(runicast.o)
                0x00006464                runicast_send
 .any.text.recv_from_uc
                0x000064ac        0xe contiki-z1.a(stunicast.o)
 .any.text.sent_by_uc
                0x000064ba       0x10 contiki-z1.a(stunicast.o)
 .any.text.stunicast_open
                0x000064ca       0x16 contiki-z1.a(stunicast.o)
                0x000064ca                stunicast_open
 .any.text.stunicast_receiver
                0x000064e0        0x6 contiki-z1.a(stunicast.o)
                0x000064e0                stunicast_receiver
 .any.text.stunicast_set_timer
                0x000064e6       0x12 contiki-z1.a(stunicast.o)
                0x000064e6                stunicast_set_timer
 .any.text.send
                0x000064f8       0x2c contiki-z1.a(stunicast.o)
 .any.text.stunicast_send_stubborn
                0x00006524       0x58 contiki-z1.a(stunicast.o)
                0x00006524                stunicast_send_stubborn
 .any.text.stunicast_send
                0x0000657c        0x6 contiki-z1.a(stunicast.o)
                0x0000657c                stunicast_send
 .any.text.stunicast_cancel
                0x00006582       0x20 contiki-z1.a(stunicast.o)
                0x00006582                stunicast_cancel
 .any.text.stunicast_close
                0x000065a2       0x12 contiki-z1.a(stunicast.o)
                0x000065a2                stunicast_close
 .any.text.sent_by_broadcast
                0x000065b4       0x10 contiki-z1.a(unicast.o)
 .any.text.recv_from_broadcast
                0x000065c4       0x2a contiki-z1.a(unicast.o)
 .any.text.unicast_open
                0x000065ee       0x22 contiki-z1.a(unicast.o)
                0x000065ee                unicast_open
 .any.text.unicast_close
                0x00006610        0x6 contiki-z1.a(unicast.o)
                0x00006610                unicast_close
 .any.text.unicast_send
                0x00006616       0x16 contiki-z1.a(unicast.o)
                0x00006616                unicast_send
 .any.text.linkaddr_copy
                0x0000662c        0xc contiki-z1.a(linkaddr.o)
                0x0000662c                linkaddr_copy
 .any.text.linkaddr_cmp
                0x00006638       0x12 contiki-z1.a(linkaddr.o)
                0x00006638                linkaddr_cmp
 .any.text.linkaddr_set_node_addr
                0x0000664a        0xc contiki-z1.a(linkaddr.o)
                0x0000664a                linkaddr_set_node_addr
 .any.text.packetbuf_compact
                0x00006656       0x2e contiki-z1.a(packetbuf.o)
                0x00006656                packetbuf_compact
 .any.text.packetbuf_copyto
                0x00006684       0x46 contiki-z1.a(packetbuf.o)
                0x00006684                packetbuf_copyto
 .any.text.packetbuf_hdrreduce
                0x000066ca       0x1a contiki-z1.a(packetbuf.o)
                0x000066ca                packetbuf_hdrreduce
 .any.text.packetbuf_set_datalen
                0x000066e4        0x6 contiki-z1.a(packetbuf.o)
                0x000066e4                packetbuf_set_datalen
 .any.text.packetbuf_dataptr
                0x000066ea        0xe contiki-z1.a(packetbuf.o)
                0x000066ea                packetbuf_dataptr
 .any.text.packetbuf_hdrptr
                0x000066f8        0xa contiki-z1.a(packetbuf.o)
                0x000066f8                packetbuf_hdrptr
 .any.text.packetbuf_datalen
                0x00006702        0x6 contiki-z1.a(packetbuf.o)
                0x00006702                packetbuf_datalen
 .any.text.packetbuf_hdrlen
                0x00006708       0x10 contiki-z1.a(packetbuf.o)
                0x00006708                packetbuf_hdrlen
 .any.text.packetbuf_totlen
                0x00006718        0xc contiki-z1.a(packetbuf.o)
                0x00006718                packetbuf_totlen
 .any.text.packetbuf_hdralloc
                0x00006724       0x2a contiki-z1.a(packetbuf.o)
                0x00006724                packetbuf_hdralloc
 .any.text.packetbuf_attr_clear
                0x0000674e       0x2c contiki-z1.a(packetbuf.o)
                0x0000674e                packetbuf_attr_clear
 .any.text.packetbuf_clear
                0x0000677a       0x1a contiki-z1.a(packetbuf.o)
                0x0000677a                packetbuf_clear
 .any.text.packetbuf_copyfrom
                0x00006794       0x2a contiki-z1.a(packetbuf.o)
                0x00006794                packetbuf_copyfrom
 .any.text.packetbuf_attr_copyto
                0x000067be       0x20 contiki-z1.a(packetbuf.o)
                0x000067be                packetbuf_attr_copyto
 .any.text.packetbuf_attr_copyfrom
                0x000067de       0x22 contiki-z1.a(packetbuf.o)
                0x000067de                packetbuf_attr_copyfrom
 .any.text.packetbuf_holds_broadcast
                0x00006800        0xe contiki-z1.a(packetbuf.o)
                0x00006800                packetbuf_holds_broadcast
 .any.text.queuebuf_init
                0x0000680e       0x12 contiki-z1.a(queuebuf.o)
                0x0000680e                queuebuf_init
 .any.text.queuebuf_new_from_packetbuf
                0x00006820       0x4e contiki-z1.a(queuebuf.o)
                0x00006820                queuebuf_new_from_packetbuf
 .any.text.queuebuf_update_attr_from_packetbuf
                0x0000686e       0x12 contiki-z1.a(queuebuf.o)
                0x0000686e                queuebuf_update_attr_from_packetbuf
 .any.text.queuebuf_update_from_packetbuf
                0x00006880       0x22 contiki-z1.a(queuebuf.o)
                0x00006880                queuebuf_update_from_packetbuf
 .any.text.queuebuf_free
                0x000068a2       0x2a contiki-z1.a(queuebuf.o)
                0x000068a2                queuebuf_free
 .any.text.queuebuf_to_packetbuf
                0x000068cc       0x32 contiki-z1.a(queuebuf.o)
                0x000068cc                queuebuf_to_packetbuf
 .any.text.queuebuf_attr
                0x000068fe        0xe contiki-z1.a(queuebuf.o)
                0x000068fe                queuebuf_attr
 .any.text.input_packet
                0x0000690c        0x6 contiki-z1.a(csma.o)
 .any.text.on   0x00006912        0x6 contiki-z1.a(csma.o)
 .any.text.off  0x00006918        0x6 contiki-z1.a(csma.o)
 .any.text.channel_check_interval
                0x0000691e       0x10 contiki-z1.a(csma.o)
 .any.text.transmit_packet_list
                0x0000692e       0x24 contiki-z1.a(csma.o)
 .any.text.init
                0x00006952       0x1a contiki-z1.a(csma.o)
 .any.text.send_packet
                0x0000696c      0x178 contiki-z1.a(csma.o)
 .any.text.free_packet
                0x00006ae4       0x90 contiki-z1.a(csma.o)
 .any.text.packet_sent
                0x00006b74      0x112 contiki-z1.a(csma.o)
 .any.text.mac_call_sent_callback
                0x00006c86       0x14 contiki-z1.a(mac.o)
                0x00006c86                mac_call_sent_callback
 .any.text.duty_cycle
                0x00006c9a        0x6 contiki-z1.a(contikimac.o)
 .any.text.init
                0x00006ca0       0x2a contiki-z1.a(contikimac.o)
 .any.text.on   0x00006cca       0x1a contiki-z1.a(contikimac.o)
 .any.text.off  0x00006ce4       0x22 contiki-z1.a(contikimac.o)
 .any.text.recv_burst_off
                0x00006d06        0xa contiki-z1.a(contikimac.o)
 .any.text.turn_off
                0x00006d10       0x20 contiki-z1.a(contikimac.o)
 .any.text.turn_on
                0x00006d30       0x30 contiki-z1.a(contikimac.o)
 .any.text.schedule_powercycle_fixed.part.4
                0x00006d60       0x34 contiki-z1.a(contikimac.o)
 .any.text.powercycle_turn_radio_off
                0x00006d94       0x30 contiki-z1.a(contikimac.o)
 .any.text.input_packet
                0x00006dc4       0xb6 contiki-z1.a(contikimac.o)
 .any.text.send_packet.isra.7
                0x00006e7a      0x1f0 contiki-z1.a(contikimac.o)
 .any.text.qsend_list
                0x0000706a       0xb0 contiki-z1.a(contikimac.o)
 .any.text.qsend_packet
                0x0000711a       0x28 contiki-z1.a(contikimac.o)
 .any.text.powercycle
                0x00007142      0x1d2 contiki-z1.a(contikimac.o)
 .any.text.hdr_length
                0x00007314        0x8 contiki-z1.a(contikimac-fram)
 .any.text.parse
                0x0000731c       0x3a contiki-z1.a(contikimac-fram)
 .any.text.create
                0x00007356       0x26 contiki-z1.a(contikimac-fram)
 .any.text.create_and_secure
                0x0000737c       0x62 contiki-z1.a(contikimac-fram)
 .any.text.bootstrap
                0x000073de        0x4 contiki-z1.a(nullsec.o)
 .any.text.send
                0x000073e2        0xa contiki-z1.a(nullsec.o)
 .any.text.on_frame_created
                0x000073ec        0x4 contiki-z1.a(nullsec.o)
 .any.text.input
                0x000073f0        0x6 contiki-z1.a(nullsec.o)
 .any.text.get_overhead
                0x000073f6        0x4 contiki-z1.a(nullsec.o)
 .any.text.i2c_receiveinit
                0x000073fa       0x36 contiki-z1.a(i2cmaster.o)
                0x000073fa                i2c_receiveinit
 .any.text.i2c_transmitinit
                0x00007430       0x30 contiki-z1.a(i2cmaster.o)
                0x00007430                i2c_transmitinit
 .any.text.i2c_receive_n
                0x00007460       0x3e contiki-z1.a(i2cmaster.o)
                0x00007460                i2c_receive_n
 .any.text.i2c_busy
                0x0000749e        0xa contiki-z1.a(i2cmaster.o)
                0x0000749e                i2c_busy
 .any.text.i2c_enable
                0x000074a8       0x22 contiki-z1.a(i2cmaster.o)
                0x000074a8                i2c_enable
 .any.text.i2c_transmit_n
                0x000074ca       0x14 contiki-z1.a(i2cmaster.o)
                0x000074ca                i2c_transmit_n
 .any.text.compower_accumulate
                0x000074de       0x6a contiki-z1.a(compower.o)
                0x000074de                compower_accumulate
 .any.text.compower_clear
                0x00007548       0x12 contiki-z1.a(compower.o)
                0x00007548                compower_clear
 .any.text.compower_attrconv
                0x0000755a       0x10 contiki-z1.a(compower.o)
                0x0000755a                compower_attrconv
 .any.text.memb_init
                0x0000756a       0x36 contiki-z1.a(memb.o)
                0x0000756a                memb_init
 .any.text.memb_alloc
                0x000075a0       0x3e contiki-z1.a(memb.o)
                0x000075a0                memb_alloc
 .any.text.memb_free
                0x000075de       0x3a contiki-z1.a(memb.o)
                0x000075de                memb_free
 .any.text.memb_inmemb
                0x00007618       0x2a contiki-z1.a(memb.o)
                0x00007618                memb_inmemb
 .any.text.abc_open
                0x00007642       0x1e contiki-z1.a(abc.o)
                0x00007642                abc_open
 .any.text.abc_close
                0x00007660        0x6 contiki-z1.a(abc.o)
                0x00007660                abc_close
 .any.text.abc_send
                0x00007666        0x6 contiki-z1.a(abc.o)
                0x00007666                abc_send
 .any.text.abc_input
                0x0000766c        0xe contiki-z1.a(abc.o)
                0x0000766c                abc_input
 .any.text.abc_sent
                0x0000767a       0x10 contiki-z1.a(abc.o)
                0x0000767a                abc_sent
 .any.text.announcement_init
                0x0000768a        0xa contiki-z1.a(announcement.o)
                0x0000768a                announcement_init
 .any.text.announcement_register_observer_callback
                0x00007694        0x6 contiki-z1.a(announcement.o)
                0x00007694                announcement_register_observer_callback
 .any.text.announcement_list
                0x0000769a        0xa contiki-z1.a(announcement.o)
                0x0000769a                announcement_list
 .any.text.announcement_heard
                0x000076a4       0x36 contiki-z1.a(announcement.o)
                0x000076a4                announcement_heard
 .any.text.adv_packet_sent
                0x000076da        0x2 contiki-z1.a(broadcast-annou)
 .any.text.adv_packet_received
                0x000076dc       0x56 contiki-z1.a(broadcast-annou)
 .any.text.set_timers
                0x00007732       0x4a contiki-z1.a(broadcast-annou)
 .any.text.send_timer
                0x0000777c       0x32 contiki-z1.a(broadcast-annou)
 .any.text.send_adv
                0x000077ae       0x60 contiki-z1.a(broadcast-annou)
 .any.text.new_announcement
                0x0000780e       0x18 contiki-z1.a(broadcast-annou)
 .any.text.broadcast_announcement_init
                0x00007826       0x44 contiki-z1.a(broadcast-annou)
                0x00007826                broadcast_announcement_init
 .any.text.chameleon_init
                0x0000786a        0x6 contiki-z1.a(chameleon.o)
                0x0000786a                chameleon_init
 .any.text.chameleon_parse
                0x00007870       0x10 contiki-z1.a(chameleon.o)
                0x00007870                chameleon_parse
 .any.text.chameleon_create
                0x00007880       0x1c contiki-z1.a(chameleon.o)
                0x00007880                chameleon_create
 .any.text.chameleon_hdrsize
                0x0000789c        0x6 contiki-z1.a(chameleon.o)
                0x0000789c                chameleon_hdrsize
 .any.text.create_frame.isra.0
                0x000078a2      0x100 contiki-z1.a(framer-802154.o)
 .any.text.create
                0x000079a2        0x8 contiki-z1.a(framer-802154.o)
 .any.text.hdr_length
                0x000079aa        0x8 contiki-z1.a(framer-802154.o)
 .any.text.parse
                0x000079b2       0xa4 contiki-z1.a(framer-802154.o)
 .any.text.framer_canonical_create_and_secure
                0x00007a56       0x20 contiki-z1.a(framer.o)
                0x00007a56                framer_canonical_create_and_secure
 .any.text.mac_sequence_is_duplicate
                0x00007a76       0x36 contiki-z1.a(mac-sequence.o)
                0x00007a76                mac_sequence_is_duplicate
 .any.text.mac_sequence_register_seqno
                0x00007aac       0x58 contiki-z1.a(mac-sequence.o)
                0x00007aac                mac_sequence_register_seqno
 .any.text.header_size
                0x00007b04       0x16 contiki-z1.a(chameleon-bitop)
 .any.text.get_bits_in_byte
                0x00007b1a       0x36 contiki-z1.a(chameleon-bitop)
                0x00007b1a                get_bits_in_byte
 .any.text.get_bits
                0x00007b50       0x8a contiki-z1.a(chameleon-bitop)
                0x00007b50                get_bits
 .any.text.unpack_header
                0x00007bda       0xb4 contiki-z1.a(chameleon-bitop)
 .any.text.set_bits_in_byte
                0x00007c8e       0x2a contiki-z1.a(chameleon-bitop)
                0x00007c8e                set_bits_in_byte
 .any.text.set_bits
                0x00007cb8       0x98 contiki-z1.a(chameleon-bitop)
                0x00007cb8                set_bits
 .any.text.pack_header
                0x00007d50       0xa0 contiki-z1.a(chameleon-bitop)
 .any.text.field_len
                0x00007df0       0x8c contiki-z1.a(frame802154.o)
 .any.text.frame802154_hdrlen
                0x00007e7c       0x2e contiki-z1.a(frame802154.o)
                0x00007e7c                frame802154_hdrlen
 .any.text.frame802154_create
                0x00007eaa      0x112 contiki-z1.a(frame802154.o)
                0x00007eaa                frame802154_create
 .any.text.frame802154_parse
                0x00007fbc      0x16c contiki-z1.a(frame802154.o)
                0x00007fbc                frame802154_parse

.rodata         0x00008128      0x352
                0x00008128                . = ALIGN (0x2)
 *(.rodata .rodata.* .gnu.linkonce.r.*)
 .rodata.process_thread_broadcast_process
                0x00008128        0xe client.co
 .rodata.broadcast_recv
                0x00008136       0x45 client.co
 *fill*         0x0000817b        0x1 00
 .rodata.autostart_processes
                0x0000817c        0x6 client.co
                0x0000817c                autostart_processes
 .rodata        0x00008182       0x23 client.co
 *fill*         0x000081a5        0x1 00
 .rodata.broadcast_call
                0x000081a6        0x8 client.co
 .rodata.runicast_callbacks
                0x000081ae        0xc client.co
 .rodata        0x000081ba       0xde obj_z1/contiki-z1-main.o
 .rodata.get_value
                0x00008298       0x38 contiki-z1.a(cc2420.o)
 .rodata.cc2420_driver
                0x000082d0       0x38 contiki-z1.a(cc2420.o)
                0x000082d0                cc2420_driver
 .rodata        0x00008308        0xe contiki-z1.a(cc2420.o)
 .rodata.output_power
                0x00008316       0x10 contiki-z1.a(cc2420.o)
 .rodata        0x00008326        0x8 contiki-z1.a(sensors.o)
 .rodata        0x0000832e        0x7 contiki-z1.a(button-sensor.o)
 *fill*         0x00008335        0x1 00
 .rodata.button_sensor
                0x00008336        0xe contiki-z1.a(button-sensor.o)
                0x00008336                button_sensor
 .rodata        0x00008344       0x16 contiki-z1.a(adxl345.o)
 .rodata        0x0000835a        0xf contiki-z1.a(ctimer.o)
 .rodata        0x00008369        0xc contiki-z1.a(etimer.o)
 .rodata        0x00008375        0xe contiki-z1.a(serial-line.o)
 *fill*         0x00008383        0x1 00
 .rodata.broadcast
                0x00008384        0x8 contiki-z1.a(broadcast.o)
 .rodata.attributes
                0x0000838c        0x4 contiki-z1.a(broadcast.o)
 .rodata        0x00008390        0x5 contiki-z1.a(rime.o)
 *fill*         0x00008395        0x1 00
 .rodata.rime_driver
                0x00008396        0xa contiki-z1.a(rime.o)
                0x00008396                rime_driver
 .rodata.runicast
                0x000083a0        0x8 contiki-z1.a(runicast.o)
 .rodata.attributes
                0x000083a8        0xa contiki-z1.a(runicast.o)
 .rodata.stunicast
                0x000083b2        0x8 contiki-z1.a(stunicast.o)
 .rodata.uc     0x000083ba        0x8 contiki-z1.a(unicast.o)
 .rodata.attributes
                0x000083c2        0x6 contiki-z1.a(unicast.o)
 .rodata.linkaddr_null
                0x000083c8        0x2 contiki-z1.a(linkaddr.o)
                0x000083c8                linkaddr_null
 .rodata        0x000083ca        0x5 contiki-z1.a(csma.o)
 *fill*         0x000083cf        0x1 00
 .rodata.csma_driver
                0x000083d0       0x1a contiki-z1.a(csma.o)
                0x000083d0                csma_driver
 .rodata        0x000083ea        0xb contiki-z1.a(contikimac.o)
 *fill*         0x000083f5        0x1 00
 .rodata.contikimac_driver
                0x000083f6       0x1e contiki-z1.a(contikimac.o)
                0x000083f6                contikimac_driver
 .rodata.contikimac_framer
                0x00008414       0x10 contiki-z1.a(contikimac-fram)
                0x00008414                contikimac_framer
 .rodata        0x00008424        0x8 contiki-z1.a(nullsec.o)
 .rodata.nullsec_driver
                0x0000842c       0x16 contiki-z1.a(nullsec.o)
                0x0000842c                nullsec_driver
 .rodata.attributes
                0x00008442        0x2 contiki-z1.a(abc.o)
 .rodata.broadcast_callbacks
                0x00008444        0x8 contiki-z1.a(broadcast-annou)
 .rodata.framer_802154
                0x0000844c       0x10 contiki-z1.a(framer-802154.o)
                0x0000844c                framer_802154
 .rodata.chameleon_bitopt
                0x0000845c        0xc contiki-z1.a(chameleon-bitop)
                0x0000845c                chameleon_bitopt
 .rodata.bitmask
                0x00008468        0x9 contiki-z1.a(chameleon-bitop)
 .rodata.CSWTCH.5
                0x00008471        0x2 contiki-z1.a(frame802154.o)
 .rodata.vuprintf
                0x00008473        0x7 /usr/local/msp430/bin/../lib/gcc/msp430/4.7.0/../../../../msp430/lib/mcpu-430x/mmpy-16/msr20/mc20/libc.a(vuprintf.o)
 *(.near.rodata .near.rodata.*)
                0x0000847a                . = ALIGN (0x2)
                0x0000847a                _etext = .

.data           0x00001100       0xaa load address 0x0000847a
                0x00001100                . = ALIGN (0x2)
                0x00001100                __data_start = .
 *(.data .data.* .gnu.linkonce.d.*)
 .data.runicast_process
                0x00001100        0xc client.co
                0x00001100                runicast_process
 .data.broadcast_process
                0x0000110c        0xc client.co
                0x0000110c                broadcast_process
 .data.sensors  0x00001118        0x4 obj_z1/contiki-z1-main.o
                0x00001118                sensors
 .data.cur_break
                0x0000111c        0x2 contiki-z1.a(msp430.o)
 .data.cc2420_process
                0x0000111e        0xc contiki-z1.a(cc2420.o)
                0x0000111e                cc2420_process
 .data.sensors_process
                0x0000112a        0xc contiki-z1.a(sensors.o)
                0x0000112a                sensors_process
 .data.accmeter_process
                0x00001136        0xc contiki-z1.a(adxl345.o)
                0x00001136                accmeter_process
 .data.adxl345_default_settings
                0x00001142       0x16 contiki-z1.a(adxl345.o)
 .data.ctimer_process
                0x00001158        0xc contiki-z1.a(ctimer.o)
                0x00001158                ctimer_process
 .data.etimer_process
                0x00001164        0xc contiki-z1.a(etimer.o)
                0x00001164                etimer_process
 .data.serial_line_process
                0x00001170        0xc contiki-z1.a(serial-line.o)
                0x00001170                serial_line_process
 .data.buframmem
                0x0000117c        0x8 contiki-z1.a(queuebuf.o)
 .data.bufmem   0x00001184        0x8 contiki-z1.a(queuebuf.o)
 .data.neighbor_memb
                0x0000118c        0x8 contiki-z1.a(csma.o)
 .data.packet_memb
                0x00001194        0x8 contiki-z1.a(csma.o)
 .data.metadata_memb
                0x0000119c        0x8 contiki-z1.a(csma.o)
 .data.prescale_lsb
                0x000011a4        0x1 contiki-z1.a(i2cmaster.o)
                0x000011a4                prescale_lsb
 *fill*         0x000011a5        0x1 00
 .data.next     0x000011a6        0x4 /usr/local/msp430/bin/../lib/gcc/msp430/4.7.0/../../../../msp430/lib/mcpu-430x/mmpy-16/msr20/mc20/libc.a(rand.o)
 *(.near.data .near.data.*)
                0x000011aa                . = ALIGN (0x2)
                0x000011aa                _edata = .
                0x0000847a                __data_load_start = LOADADDR (.data)
                0x000000aa                __data_size = SIZEOF (.data)

.bss            0x000011aa      0xb40 load address 0x00008524
                0x000011aa                __bss_start = .
 *(.bss .bss.*)
 .bss.broadcast
                0x000011aa        0xc client.co
 .bss.parent    0x000011b6        0x2 client.co
 .bss.lastUpdate
                0x000011b8        0x8 client.co
 .bss.et.3579   0x000011c0        0xc client.co
 .bss.runicast  0x000011cc       0x30 client.co
 .bss.et.3601   0x000011fc        0xc client.co
 .bss.irq_energest.3897
                0x00001208        0x4 obj_z1/contiki-z1-main.o
 .bss.leds      0x0000120c        0x1 contiki-z1.a(leds.o)
 *fill*         0x0000120d        0x1 00
 .bss.counter   0x0000120e        0x2 contiki-z1.a(watchdog.o)
 .bss.last_packet_timestamp
                0x00001210        0x2 contiki-z1.a(cc2420.o)
 .bss.receive_on
                0x00001212        0x1 contiki-z1.a(cc2420.o)
 .bss.locked    0x00001213        0x1 contiki-z1.a(cc2420.o)
 .bss.lock_off  0x00001214        0x1 contiki-z1.a(cc2420.o)
 .bss.lock_on   0x00001215        0x1 contiki-z1.a(cc2420.o)
 .bss.channel   0x00001216        0x2 contiki-z1.a(cc2420.o)
 .bss.node_id   0x00001218        0x2 contiki-z1.a(node-id.o)
                0x00001218                node_id
 .bss.num_sensors
                0x0000121a        0x1 contiki-z1.a(sensors.o)
 *fill*         0x0000121b        0x1 00
 .bss.i.2078    0x0000121c        0x2 contiki-z1.a(sensors.o)
 .bss.events.2079
                0x0000121e        0x2 contiki-z1.a(sensors.o)
 .bss.debouncetimer
                0x00001220        0x8 contiki-z1.a(button-sensor.o)
 .bss.transmitting
                0x00001228        0x1 contiki-z1.a(uart0.o)
 *fill*         0x00001229        0x1 00
 .bss.uart0_input_handler
                0x0000122a        0x4 contiki-z1.a(uart0.o)
 .bss.int1_mask
                0x0000122e        0x2 contiki-z1.a(adxl345.o)
 .bss.int2_mask
                0x00001230        0x2 contiki-z1.a(adxl345.o)
 .bss._ADXL345_STATUS
                0x00001232        0x2 contiki-z1.a(adxl345.o)
 .bss.suppressTimer1
                0x00001234        0x8 contiki-z1.a(adxl345.o)
 .bss.suppressTimer2
                0x0000123c        0x8 contiki-z1.a(adxl345.o)
 .bss.last_tar  0x00001244        0x2 contiki-z1.a(clock.o)
 .bss.count     0x00001246        0x4 contiki-z1.a(clock.o)
 .bss.seconds   0x0000124a        0x4 contiki-z1.a(clock.o)
 .bss.initialized
                0x0000124e        0x1 contiki-z1.a(ctimer.o)
 *fill*         0x0000124f        0x1 00
 .bss.ctimer_list_list
                0x00001250        0x2 contiki-z1.a(ctimer.o)
 .bss.timerlist
                0x00001252        0x2 contiki-z1.a(etimer.o)
 .bss.next_expiration
                0x00001254        0x4 contiki-z1.a(etimer.o)
 .bss.poll_requested
                0x00001258        0x1 contiki-z1.a(process.o)
 *fill*         0x00001259        0x1 00
 .bss.process_current
                0x0000125a        0x2 contiki-z1.a(process.o)
                0x0000125a                process_current
 .bss.process_list
                0x0000125c        0x2 contiki-z1.a(process.o)
                0x0000125c                process_list
 .bss.lastevent
                0x0000125e        0x1 contiki-z1.a(process.o)
 .bss.fevent    0x0000125f        0x1 contiki-z1.a(process.o)
 .bss.nevents   0x00001260        0x1 contiki-z1.a(process.o)
 *fill*         0x00001261        0x1 00
 .bss.events    0x00001262       0x30 contiki-z1.a(process.o)
 .bss.ev.1857   0x00001292        0x1 contiki-z1.a(process.o)
 *fill*         0x00001293        0x1 00
 .bss.data.1858
                0x00001294        0x2 contiki-z1.a(process.o)
 .bss.receiver.1859
                0x00001296        0x2 contiki-z1.a(process.o)
 .bss.p.1860    0x00001298        0x2 contiki-z1.a(process.o)
 .bss.snum.1875
                0x0000129a        0x1 contiki-z1.a(process.o)
 *fill*         0x0000129b        0x1 00
 .bss.next_rtimer
                0x0000129c        0x2 contiki-z1.a(rtimer.o)
 .bss.overflow.2056
                0x0000129e        0x1 contiki-z1.a(serial-line.o)
 *fill*         0x0000129f        0x1 00
 .bss.rxbuf     0x000012a0        0x6 contiki-z1.a(serial-line.o)
 .bss.ptr.2063  0x000012a6        0x2 contiki-z1.a(serial-line.o)
 .bss.buf.2062  0x000012a8       0x80 contiki-z1.a(serial-line.o)
 .bss.rxbuf_data
                0x00001328       0x80 contiki-z1.a(serial-line.o)
 .bss.channel_list_list
                0x000013a8        0x2 contiki-z1.a(channel.o)
 .bss.sniffers_list
                0x000013aa        0x2 contiki-z1.a(rime.o)
 .bss.bufptr    0x000013ac        0x2 contiki-z1.a(packetbuf.o)
 .bss.buflen    0x000013ae        0x2 contiki-z1.a(packetbuf.o)
 .bss.hdrptr    0x000013b0        0x1 contiki-z1.a(packetbuf.o)
 *fill*         0x000013b1        0x1 00
 .bss.packetbufptr
                0x000013b2        0x2 contiki-z1.a(packetbuf.o)
 .bss.packetbuf_aligned
                0x000013b4       0xb0 contiki-z1.a(packetbuf.o)
 .bss.buframmem_memb_count
                0x00001464        0x8 contiki-z1.a(queuebuf.o)
 .bss.buframmem_memb_mem
                0x0000146c      0x5f0 contiki-z1.a(queuebuf.o)
 .bss.bufmem_memb_count
                0x00001a5c        0x8 contiki-z1.a(queuebuf.o)
 .bss.bufmem_memb_mem
                0x00001a64       0x10 contiki-z1.a(queuebuf.o)
 .bss.initialized.2880
                0x00001a74        0x1 contiki-z1.a(csma.o)
 *fill*         0x00001a75        0x1 00
 .bss.seqno.2881
                0x00001a76        0x2 contiki-z1.a(csma.o)
 .bss.neighbor_list_list
                0x00001a78        0x2 contiki-z1.a(csma.o)
 .bss.neighbor_memb_memb_count
                0x00001a7a        0x2 contiki-z1.a(csma.o)
 .bss.neighbor_memb_memb_mem
                0x00001a7c       0x44 contiki-z1.a(csma.o)
 .bss.packet_memb_memb_count
                0x00001ac0        0x8 contiki-z1.a(csma.o)
 .bss.packet_memb_memb_mem
                0x00001ac8       0x30 contiki-z1.a(csma.o)
 .bss.metadata_memb_memb_count
                0x00001af8        0x8 contiki-z1.a(csma.o)
 .bss.metadata_memb_memb_mem
                0x00001b00       0x40 contiki-z1.a(csma.o)
 .bss.cycle_start
                0x00001b40        0x2 contiki-z1.a(contikimac.o)
 .bss.radio_is_on
                0x00001b42        0x1 contiki-z1.a(contikimac.o)
 .bss.we_are_sending
                0x00001b43        0x1 contiki-z1.a(contikimac.o)
 .bss.contikimac_keep_radio_on
                0x00001b44        0x1 contiki-z1.a(contikimac.o)
 .bss.contikimac_is_on
                0x00001b45        0x1 contiki-z1.a(contikimac.o)
 .bss.rt        0x00001b46        0x8 contiki-z1.a(contikimac.o)
 .bss.pt        0x00001b4e        0x2 contiki-z1.a(contikimac.o)
 .bss.packet_seen.3618
                0x00001b50        0x1 contiki-z1.a(contikimac.o)
 .bss.count.3619
                0x00001b51        0x1 contiki-z1.a(contikimac.o)
 .bss.we_are_receiving_burst
                0x00001b52        0x2 contiki-z1.a(contikimac.o)
 .bss.start.3624
                0x00001b54        0x2 contiki-z1.a(contikimac.o)
 .bss.silence_periods.3625
                0x00001b56        0x1 contiki-z1.a(contikimac.o)
 .bss.periods.3626
                0x00001b57        0x1 contiki-z1.a(contikimac.o)
 .bss.ct.3698   0x00001b58       0x16 contiki-z1.a(contikimac.o)
 .bss.current_packet
                0x00001b6e        0x8 contiki-z1.a(contikimac.o)
 .bss.tx_byte_tot
                0x00001b76        0x1 contiki-z1.a(i2cmaster.o)
 .bss.rx_byte_tot
                0x00001b77        0x1 contiki-z1.a(i2cmaster.o)
 .bss.prescale_msb
                0x00001b78        0x1 contiki-z1.a(i2cmaster.o)
                0x00001b78                prescale_msb
 *fill*         0x00001b79        0x1 00
 .bss.last_listen.2538
                0x00001b7a        0x4 contiki-z1.a(compower.o)
 .bss.last_transmit.2539
                0x00001b7e        0x4 contiki-z1.a(compower.o)
 .bss.announcements_list
                0x00001b82        0x2 contiki-z1.a(announcement.o)
 .bss.observer_callback
                0x00001b84        0x4 contiki-z1.a(announcement.o)
 .bss.c         0x00001b88       0x4a contiki-z1.a(broadcast-annou)
 .bss.initialized
                0x00001bd2        0x1 contiki-z1.a(framer-802154.o)
 .bss.mac_dsn   0x00001bd3        0x1 contiki-z1.a(framer-802154.o)
 .bss.received_seqnos
                0x00001bd4       0x40 contiki-z1.a(mac-sequence.o)
 .bss.once.1522
                0x00001c14        0x1 /usr/local/msp430/bin/../lib/gcc/msp430/4.7.0/../../../../msp430/lib/mcpu-430x/mmpy-16/msr20/mc20/libc.a(malloc.o)
 *(.near.bss .near.bss.*)
 *(COMMON)
 COMMON         0x00001c15        0x2 obj_z1/contiki-z1-main.o
                0x00001c15                sensors_flags
 *fill*         0x00001c17        0x1 00
 COMMON         0x00001c18       0x10 contiki-z1.a(cc2420.o)
                0x00001c18                cc2420_last_rssi
                0x00001c1a                cc2420_sfd_start_time
                0x00001c1c                cc2420_time_of_departure
                0x00001c1e                cc2420_time_of_arrival
                0x00001c20                cc2420_last_correlation
                0x00001c22                cc2420_authority_level_of_sender
                0x00001c24                cc2420_sfd_counter
                0x00001c26                cc2420_sfd_end_time
 COMMON         0x00001c28        0x8 contiki-z1.a(node-id.o)
                0x00001c28                node_mac
 COMMON         0x00001c30        0x1 contiki-z1.a(sensors.o)
                0x00001c30                sensors_event
 *fill*         0x00001c31        0x1 00
 COMMON         0x00001c32        0xb contiki-z1.a(adxl345.o)
                0x00001c32                accm_int2_cb
                0x00001c36                int2_event
                0x00001c38                accm_int1_cb
                0x00001c3c                int1_event
 *fill*         0x00001c3d        0x1 00
 COMMON         0x00001c3e       0x56 contiki-z1.a(energest.o)
                0x00001c3e                energest_total_time
                0x00001c6e                energest_total_count
                0x00001c70                energest_current_mode
                0x00001c7c                energest_current_time
 COMMON         0x00001c94        0x1 contiki-z1.a(process.o)
                0x00001c94                process_maxevents
 COMMON         0x00001c95        0x1 contiki-z1.a(serial-line.o)
                0x00001c95                serial_line_event_message
 COMMON         0x00001c96        0x2 contiki-z1.a(linkaddr.o)
                0x00001c96                linkaddr_node_addr
 COMMON         0x00001c98       0x3c contiki-z1.a(packetbuf.o)
                0x00001c98                packetbuf_addrs
                0x00001ca0                packetbuf_attrs
 COMMON         0x00001cd4        0xe contiki-z1.a(i2cmaster.o)
                0x00001cd4                transmit_data1
                0x00001cd5                rx_byte_ctr
                0x00001cd6                tx_buf_ptr
                0x00001cd8                tx_byte_ctr
                0x00001cda                i
                0x00001cdc                receive_data
                0x00001cdd                rx_buf
                0x00001cdf                transmit_data2
                0x00001ce0                rx_buf_ptr
 COMMON         0x00001ce2        0x8 contiki-z1.a(compower.o)
                0x00001ce2                compower_idle_activity
                0x00001cea                . = ALIGN (0x2)
                0x00001cea                __bss_end = .
                0x00000b40                __bss_size = SIZEOF (.bss)

.noinit         0x00001cea        0x2 load address 0x00008524
                0x00001cea                . = ALIGN (0x2)
                0x00001cea                __noinit_start = .
 *(.noinit .noinit.*)
 .noinit.crt0   0x00001cea        0x2 /usr/local/msp430/bin/../lib/gcc/msp430/4.7.0/mcpu-430x/mmpy-16/msr20/mc20/libcrt0.a(__watchdog_support.o)
                0x00001cea                __wdt_clear_value
                0x00001cec                . = ALIGN (0x2)
                0x00001cec                __noinit_end = .
                0x00001cec                . = ALIGN (0x2)
                0x00001cec                _end = .

.infomem        0x00001000        0x0
                0x00001000                . = ALIGN (0x2)
 *(.infomem .infomem.*)

.infomemnobits  0x00001000        0x0
                0x00001000                . = ALIGN (0x2)
 *(.infomemnobits .infomemnobits.*)

.infoa          0x000010c0        0x0
                0x000010c0                . = ALIGN (0x2)
 *(.infoa .infoa.*)

.infob          0x00001080        0x0
                0x00001080                . = ALIGN (0x2)
 *(.infob .infob.*)

.infoc          0x00001040        0x0
                0x00001040                . = ALIGN (0x2)
 *(.infoc .infoc.*)

.infod          0x00001000        0x0
                0x00001000                . = ALIGN (0x2)
 *(.infod .infod.*)

.vectors        0x0000ffc0       0x40
                0x0000ffc0                __vectors_start = .
 *(.vectors*)
 .vectors       0x0000ffc0       0x40 /usr/local/msp430/bin/../lib/gcc/msp430/4.7.0/mcpu-430x/mmpy-16/msr20/mc20/crt0ivtbl32.o
                0x0000ffc0                __ivtbl_32
                0x00010000                _vectors_end = .

.fartext        0x00010000        0x0
                0x00010000                . = ALIGN (0x2)
 *(.fartext .fartext.*)

.far.text       0x00010000        0x0
                0x00010000                . = ALIGN (0x2)
 *(.far.text .far.text.*)

.far.rodata     0x00010000        0x0
                0x00010000                . = ALIGN (0x2)
 *(.far.rodata .far.rodata.*)
                0x00010000                . = ALIGN (0x2)
                0x00010000                _efartext = .

.far.data       0x00000000        0x0 load address 0x00010000
                0x00000000                . = ALIGN (0x2)
                0x00000000                __far_data_start = .
 *(.far.data .far.data.*)
                0x00000000                . = ALIGN (0x2)
                0x00000000                _efardata = .
                0x00010000                __far_data_load_start = LOADADDR (.far.data)
                0x00000000                __far_data_size = SIZEOF (.far.data)

.far.bss        0x00000000        0x0 load address 0x00010000
                0x00000000                . = ALIGN (0x2)
                0x00000000                __far_bss_start = .
 *(.far.bss .far.bss.*)
                0x00000000                . = ALIGN (0x2)
                0x00000000                __far_bss_end = .
                0x00000000                __far_bss_size = SIZEOF (.far.bss)
                0x00000000                . = ALIGN (0x2)
                0x00000000                _far_end = .

.profiler
 *(.profiler)

.stab           0x00000000    0x1b834
 *(.stab)
 .stab          0x00000000     0x16d4 client.co
 .stab          0x000016d4     0x1098 obj_z1/contiki-z1-main.o
                               0x17d0 (size before relaxing)
 .stab          0x0000276c      0x234 contiki-z1.a(contiki-z1-plat)
                                0x5ac (size before relaxing)
 .stab          0x000029a0      0x498 contiki-z1.a(msp430.o)
                                0x804 (size before relaxing)
 .stab          0x00002e38      0x5a0 contiki-z1.a(leds.o)
                                0x804 (size before relaxing)
 .stab          0x000033d8      0x3cc contiki-z1.a(watchdog.o)
                                0x738 (size before relaxing)
 .stab          0x000037a4      0x99c contiki-z1.a(xmem.o)
                                0xef4 (size before relaxing)
 .stab          0x00004140      0x27c contiki-z1.a(spi.o)
                                0x5e8 (size before relaxing)
 .stab          0x000043bc     0x2310 contiki-z1.a(cc2420.o)
                               0x2c70 (size before relaxing)
 .stab          0x000066cc      0xabc contiki-z1.a(cc2420-arch.o)
                               0x138c (size before relaxing)
 .stab          0x00007188      0x300 contiki-z1.a(node-id.o)
                                0x6f0 (size before relaxing)
 .stab          0x00007488      0x69c contiki-z1.a(sensors.o)
                                0xbd0 (size before relaxing)
 .stab          0x00007b24      0x468 contiki-z1.a(button-sensor.o)
                                0x7ec (size before relaxing)
 .stab          0x00007f8c      0x4e0 contiki-z1.a(uart0.o)
                                0xa2c (size before relaxing)
 .stab          0x0000846c      0x264 contiki-z1.a(uart0-putchar.o)
                                0x7a4 (size before relaxing)
 .stab          0x000086d0      0xb04 contiki-z1.a(adxl345.o)
                               0x1134 (size before relaxing)
 .stab          0x000091d4      0x930 contiki-z1.a(clock.o)
                                0xc9c (size before relaxing)
 .stab          0x00009b04      0x378 contiki-z1.a(leds-arch.o)
                                0x6e4 (size before relaxing)
 .stab          0x00009e7c      0x3b4 contiki-z1.a(rtimer-arch.o)
                                0x720 (size before relaxing)
 .stab          0x0000a230      0x294 contiki-z1.a(autostart.o)
                                0x54c (size before relaxing)
 .stab          0x0000a4c4      0x78c contiki-z1.a(ctimer.o)
                                0xb10 (size before relaxing)
 .stab          0x0000ac50      0x48c contiki-z1.a(energest.o)
                                0x72c (size before relaxing)
 .stab          0x0000b0dc      0x9fc contiki-z1.a(etimer.o)
                                0xce4 (size before relaxing)
 .stab          0x0000bad8      0xb70 contiki-z1.a(process.o)
                               0x1020 (size before relaxing)
 .stab          0x0000c648      0x3cc contiki-z1.a(rtimer.o)
                                0x6cc (size before relaxing)
 .stab          0x0000ca14      0x348 contiki-z1.a(timer.o)
                                0x5a0 (size before relaxing)
 .stab          0x0000cd5c      0x51c contiki-z1.a(serial-line.o)
                                0xa50 (size before relaxing)
 .stab          0x0000d278      0x7bc contiki-z1.a(list.o)
                                0x7c8 (size before relaxing)
 .stab          0x0000da34      0x21c contiki-z1.a(random.o)
                                0x630 (size before relaxing)
 .stab          0x0000dc50      0x3f0 contiki-z1.a(ringbuf.o)
                                0x648 (size before relaxing)
 .stab          0x0000e040      0x6cc contiki-z1.a(broadcast.o)
                               0x1518 (size before relaxing)
 .stab          0x0000e70c      0x654 contiki-z1.a(channel.o)
                               0x1290 (size before relaxing)
 .stab          0x0000ed60      0xcb4 contiki-z1.a(rime.o)
                               0x1410 (size before relaxing)
 .stab          0x0000fa14      0x8e8 contiki-z1.a(runicast.o)
                               0x1584 (size before relaxing)
 .stab          0x000102fc      0x87c contiki-z1.a(stunicast.o)
                               0x1518 (size before relaxing)
 .stab          0x00010b78      0x618 contiki-z1.a(unicast.o)
                               0x12a8 (size before relaxing)
 .stab          0x00011190      0x2ac contiki-z1.a(linkaddr.o)
                                0x6c0 (size before relaxing)
 .stab          0x0001143c      0xd74 contiki-z1.a(packetbuf.o)
                               0x1bd8 (size before relaxing)
 .stab          0x000121b0      0xa38 contiki-z1.a(queuebuf.o)
                               0x1884 (size before relaxing)
 .stab          0x00012be8      0xdec contiki-z1.a(csma.o)
                               0x15b4 (size before relaxing)
 .stab          0x000139d4      0x1f8 contiki-z1.a(mac.o)
                                0x504 (size before relaxing)
 .stab          0x00013bcc     0x17ac contiki-z1.a(contikimac.o)
                               0x23d0 (size before relaxing)
 .stab          0x00015378      0x6d8 contiki-z1.a(contikimac-fram)
                                0xf30 (size before relaxing)
 .stab          0x00015a50      0x684 contiki-z1.a(nullsec.o)
                                0xd98 (size before relaxing)
 .stab          0x000160d4      0x84c contiki-z1.a(i2cmaster.o)
                                0xbb8 (size before relaxing)
 .stab          0x00016920      0x4ec contiki-z1.a(compower.o)
                                0xd08 (size before relaxing)
 .stab          0x00016e0c      0x5c4 contiki-z1.a(memb.o)
                                0xb10 (size before relaxing)
 .stab          0x000173d0      0x660 contiki-z1.a(abc.o)
                               0x14ac (size before relaxing)
 .stab          0x00017a30      0x6b4 contiki-z1.a(announcement.o)
                                0x96c (size before relaxing)
 .stab          0x000180e4      0x948 contiki-z1.a(broadcast-annou)
                               0x15d8 (size before relaxing)
 .stab          0x00018a2c      0x588 contiki-z1.a(chameleon.o)
                               0x1248 (size before relaxing)
 .stab          0x00018fb4      0x918 contiki-z1.a(framer-802154.o)
                                0xf6c (size before relaxing)
 .stab          0x000198cc      0x318 contiki-z1.a(framer.o)
                                0xc6c (size before relaxing)
 .stab          0x00019be4      0x60c contiki-z1.a(mac-sequence.o)
                               0x1470 (size before relaxing)
 .stab          0x0001a1f0      0xd50 contiki-z1.a(chameleon-bitop)
                               0x19e0 (size before relaxing)
 .stab          0x0001af40      0x8f4 contiki-z1.a(frame802154.o)
                               0x10e0 (size before relaxing)

.stabstr        0x00000000    0x16876
 *(.stabstr)
 .stabstr       0x00000000    0x16876 client.co

.stab.excl
 *(.stab.excl)

.stab.exclstr
 *(.stab.exclstr)

.stab.index
 *(.stab.index)

.stab.indexstr
 *(.stab.indexstr)

.comment        0x00000000       0x30
 *(.comment)
 .comment       0x00000000       0x30 client.co
                                 0x31 (size before relaxing)
 .comment       0x00000000       0x31 obj_z1/contiki-z1-main.o
 .comment       0x00000000       0x31 contiki-z1.a(contiki-z1-plat)
 .comment       0x00000000       0x31 contiki-z1.a(msp430.o)
 .comment       0x00000000       0x31 contiki-z1.a(leds.o)
 .comment       0x00000000       0x31 contiki-z1.a(watchdog.o)
 .comment       0x00000000       0x31 contiki-z1.a(xmem.o)
 .comment       0x00000000       0x31 contiki-z1.a(spi.o)
 .comment       0x00000000       0x31 contiki-z1.a(cc2420.o)
 .comment       0x00000000       0x31 contiki-z1.a(cc2420-arch.o)
 .comment       0x00000000       0x31 contiki-z1.a(node-id.o)
 .comment       0x00000000       0x31 contiki-z1.a(sensors.o)
 .comment       0x00000000       0x31 contiki-z1.a(button-sensor.o)
 .comment       0x00000000       0x31 contiki-z1.a(uart0.o)
 .comment       0x00000000       0x31 contiki-z1.a(uart0-putchar.o)
 .comment       0x00000000       0x31 contiki-z1.a(adxl345.o)
 .comment       0x00000000       0x31 contiki-z1.a(clock.o)
 .comment       0x00000000       0x31 contiki-z1.a(leds-arch.o)
 .comment       0x00000000       0x31 contiki-z1.a(rtimer-arch.o)
 .comment       0x00000000       0x31 contiki-z1.a(autostart.o)
 .comment       0x00000000       0x31 contiki-z1.a(ctimer.o)
 .comment       0x00000000       0x31 contiki-z1.a(energest.o)
 .comment       0x00000000       0x31 contiki-z1.a(etimer.o)
 .comment       0x00000000       0x31 contiki-z1.a(process.o)
 .comment       0x00000000       0x31 contiki-z1.a(rtimer.o)
 .comment       0x00000000       0x31 contiki-z1.a(timer.o)
 .comment       0x00000000       0x31 contiki-z1.a(serial-line.o)
 .comment       0x00000000       0x31 contiki-z1.a(list.o)
 .comment       0x00000000       0x31 contiki-z1.a(random.o)
 .comment       0x00000000       0x31 contiki-z1.a(ringbuf.o)
 .comment       0x00000000       0x31 contiki-z1.a(broadcast.o)
 .comment       0x00000000       0x31 contiki-z1.a(channel.o)
 .comment       0x00000000       0x31 contiki-z1.a(rime.o)
 .comment       0x00000000       0x31 contiki-z1.a(runicast.o)
 .comment       0x00000000       0x31 contiki-z1.a(stunicast.o)
 .comment       0x00000000       0x31 contiki-z1.a(unicast.o)
 .comment       0x00000000       0x31 contiki-z1.a(linkaddr.o)
 .comment       0x00000000       0x31 contiki-z1.a(packetbuf.o)
 .comment       0x00000000       0x31 contiki-z1.a(queuebuf.o)
 .comment       0x00000000       0x31 contiki-z1.a(csma.o)
 .comment       0x00000000       0x31 contiki-z1.a(mac.o)
 .comment       0x00000000       0x31 contiki-z1.a(contikimac.o)
 .comment       0x00000000       0x31 contiki-z1.a(contikimac-fram)
 .comment       0x00000000       0x31 contiki-z1.a(nullsec.o)
 .comment       0x00000000       0x31 contiki-z1.a(i2cmaster.o)
 .comment       0x00000000       0x31 contiki-z1.a(compower.o)
 .comment       0x00000000       0x31 contiki-z1.a(memb.o)
 .comment       0x00000000       0x31 contiki-z1.a(abc.o)
 .comment       0x00000000       0x31 contiki-z1.a(announcement.o)
 .comment       0x00000000       0x31 contiki-z1.a(broadcast-annou)
 .comment       0x00000000       0x31 contiki-z1.a(chameleon.o)
 .comment       0x00000000       0x31 contiki-z1.a(framer-802154.o)
 .comment       0x00000000       0x31 contiki-z1.a(framer.o)
 .comment       0x00000000       0x31 contiki-z1.a(mac-sequence.o)
 .comment       0x00000000       0x31 contiki-z1.a(chameleon-bitop)
 .comment       0x00000000       0x31 contiki-z1.a(frame802154.o)
 .comment       0x00000000       0x31 /usr/local/msp430/bin/../lib/gcc/msp430/4.7.0/../../../../msp430/lib/mcpu-430x/mmpy-16/msr20/mc20/libc.a(malloc.o)
 .comment       0x00000000       0x31 /usr/local/msp430/bin/../lib/gcc/msp430/4.7.0/../../../../msp430/lib/mcpu-430x/mmpy-16/msr20/mc20/libc.a(printf.o)
 .comment       0x00000000       0x31 /usr/local/msp430/bin/../lib/gcc/msp430/4.7.0/../../../../msp430/lib/mcpu-430x/mmpy-16/msr20/mc20/libc.a(vuprintf.o)
 .comment       0x00000000       0x31 /usr/local/msp430/bin/../lib/gcc/msp430/4.7.0/../../../../msp430/lib/mcpu-430x/mmpy-16/msr20/mc20/libc.a(puts.o)
 .comment       0x00000000       0x31 /usr/local/msp430/bin/../lib/gcc/msp430/4.7.0/../../../../msp430/lib/mcpu-430x/mmpy-16/msr20/mc20/libc.a(rand.o)
 .comment       0x00000000       0x31 /usr/local/msp430/bin/../lib/gcc/msp430/4.7.0/../../../../msp430/lib/mcpu-430x/mmpy-16/msr20/mc20/libc.a(memcmp.o)
 .comment       0x00000000       0x31 /usr/local/msp430/bin/../lib/gcc/msp430/4.7.0/../../../../msp430/lib/mcpu-430x/mmpy-16/msr20/mc20/libc.a(memcpy.o)
 .comment       0x00000000       0x31 /usr/local/msp430/bin/../lib/gcc/msp430/4.7.0/../../../../msp430/lib/mcpu-430x/mmpy-16/msr20/mc20/libc.a(memset.o)

.debug
 *(.debug)

.line
 *(.line)

.debug_srcinfo
 *(.debug_srcinfo)

.debug_sfnames
 *(.debug_sfnames)

.debug_aranges  0x00000000      0x288
 *(.debug_aranges)
 .debug_aranges
                0x00000000       0x20 /usr/local/msp430/bin/../lib/gcc/msp430/4.7.0/mcpu-430x/mmpy-16/msr20/mc20/crt0ivtbl32.o
 .debug_aranges
                0x00000020       0x20 /usr/local/msp430/bin/../lib/gcc/msp430/4.7.0/mcpu-430x/mmpy-16/msr20/mc20/libgcc.a(_mulsi3.o)
 .debug_aranges
                0x00000040       0x20 /usr/local/msp430/bin/../lib/gcc/msp430/4.7.0/mcpu-430x/mmpy-16/msr20/mc20/libgcc.a(_udivmod16.o)
 .debug_aranges
                0x00000060       0x20 /usr/local/msp430/bin/../lib/gcc/msp430/4.7.0/mcpu-430x/mmpy-16/msr20/mc20/libgcc.a(_udivmod32.o)
 .debug_aranges
                0x00000080       0x28 /usr/local/msp430/bin/../lib/gcc/msp430/4.7.0/../../../../msp430/lib/mcpu-430x/mmpy-16/msr20/mc20/libc.a(malloc.o)
 .debug_aranges
                0x000000a8       0x28 /usr/local/msp430/bin/../lib/gcc/msp430/4.7.0/../../../../msp430/lib/mcpu-430x/mmpy-16/msr20/mc20/libc.a(printf.o)
 .debug_aranges
                0x000000d0       0x28 /usr/local/msp430/bin/../lib/gcc/msp430/4.7.0/../../../../msp430/lib/mcpu-430x/mmpy-16/msr20/mc20/libc.a(vuprintf.o)
 .debug_aranges
                0x000000f8       0x20 /usr/local/msp430/bin/../lib/gcc/msp430/4.7.0/../../../../msp430/lib/mcpu-430x/mmpy-16/msr20/mc20/libc.a(puts.o)
 .debug_aranges
                0x00000118       0x30 /usr/local/msp430/bin/../lib/gcc/msp430/4.7.0/../../../../msp430/lib/mcpu-430x/mmpy-16/msr20/mc20/libc.a(rand.o)
 .debug_aranges
                0x00000148       0x20 /usr/local/msp430/bin/../lib/gcc/msp430/4.7.0/../../../../msp430/lib/mcpu-430x/mmpy-16/msr20/mc20/libc.a(memcmp.o)
 .debug_aranges